Archive member included to satisfy reference by file (symbol)

/opt/gcc-arm-none-eabi/bin/../lib/gcc/arm-none-eabi/13.2.1/../../../../arm-none-eabi/lib/thumb/v7e-m+fp/hard/libc_nano.a(libc_a-exit.o)
                              /opt/gcc-arm-none-eabi/bin/../lib/gcc/arm-none-eabi/13.2.1/../../../../arm-none-eabi/lib/thumb/v7e-m+fp/hard/crt0.o (exit)
/opt/gcc-arm-none-eabi/bin/../lib/gcc/arm-none-eabi/13.2.1/../../../../arm-none-eabi/lib/thumb/v7e-m+fp/hard/libc_nano.a(libc_a-init.o)
                              /opt/gcc-arm-none-eabi/bin/../lib/gcc/arm-none-eabi/13.2.1/../../../../arm-none-eabi/lib/thumb/v7e-m+fp/hard/crt0.o (__libc_init_array)
/opt/gcc-arm-none-eabi/bin/../lib/gcc/arm-none-eabi/13.2.1/../../../../arm-none-eabi/lib/thumb/v7e-m+fp/hard/libc_nano.a(libc_a-findfp.o)
                              /opt/gcc-arm-none-eabi/bin/../lib/gcc/arm-none-eabi/13.2.1/../../../../arm-none-eabi/lib/thumb/v7e-m+fp/hard/libc_nano.a(libc_a-exit.o) (__stdio_exit_handler)
/opt/gcc-arm-none-eabi/bin/../lib/gcc/arm-none-eabi/13.2.1/../../../../arm-none-eabi/lib/thumb/v7e-m+fp/hard/libc_nano.a(libc_a-stdio.o)
                              /opt/gcc-arm-none-eabi/bin/../lib/gcc/arm-none-eabi/13.2.1/../../../../arm-none-eabi/lib/thumb/v7e-m+fp/hard/libc_nano.a(libc_a-findfp.o) (__sread)
/opt/gcc-arm-none-eabi/bin/../lib/gcc/arm-none-eabi/13.2.1/../../../../arm-none-eabi/lib/thumb/v7e-m+fp/hard/libc_nano.a(libc_a-readr.o)
                              /opt/gcc-arm-none-eabi/bin/../lib/gcc/arm-none-eabi/13.2.1/../../../../arm-none-eabi/lib/thumb/v7e-m+fp/hard/libc_nano.a(libc_a-stdio.o) (_read_r)
/opt/gcc-arm-none-eabi/bin/../lib/gcc/arm-none-eabi/13.2.1/../../../../arm-none-eabi/lib/thumb/v7e-m+fp/hard/libc_nano.a(libc_a-writer.o)
                              /opt/gcc-arm-none-eabi/bin/../lib/gcc/arm-none-eabi/13.2.1/../../../../arm-none-eabi/lib/thumb/v7e-m+fp/hard/libc_nano.a(libc_a-stdio.o) (_write_r)
/opt/gcc-arm-none-eabi/bin/../lib/gcc/arm-none-eabi/13.2.1/../../../../arm-none-eabi/lib/thumb/v7e-m+fp/hard/libc_nano.a(libc_a-fwalk.o)
                              /opt/gcc-arm-none-eabi/bin/../lib/gcc/arm-none-eabi/13.2.1/../../../../arm-none-eabi/lib/thumb/v7e-m+fp/hard/libc_nano.a(libc_a-findfp.o) (_fwalk_sglue)
/opt/gcc-arm-none-eabi/bin/../lib/gcc/arm-none-eabi/13.2.1/../../../../arm-none-eabi/lib/thumb/v7e-m+fp/hard/libc_nano.a(libc_a-memset.o)
                              /opt/gcc-arm-none-eabi/bin/../lib/gcc/arm-none-eabi/13.2.1/../../../../arm-none-eabi/lib/thumb/v7e-m+fp/hard/crt0.o (memset)
/opt/gcc-arm-none-eabi/bin/../lib/gcc/arm-none-eabi/13.2.1/../../../../arm-none-eabi/lib/thumb/v7e-m+fp/hard/libc_nano.a(libc_a-lock.o)
                              /opt/gcc-arm-none-eabi/bin/../lib/gcc/arm-none-eabi/13.2.1/../../../../arm-none-eabi/lib/thumb/v7e-m+fp/hard/libc_nano.a(libc_a-findfp.o) (__retarget_lock_init_recursive)
/opt/gcc-arm-none-eabi/bin/../lib/gcc/arm-none-eabi/13.2.1/../../../../arm-none-eabi/lib/thumb/v7e-m+fp/hard/libc_nano.a(libc_a-closer.o)
                              /opt/gcc-arm-none-eabi/bin/../lib/gcc/arm-none-eabi/13.2.1/../../../../arm-none-eabi/lib/thumb/v7e-m+fp/hard/libc_nano.a(libc_a-stdio.o) (_close_r)
/opt/gcc-arm-none-eabi/bin/../lib/gcc/arm-none-eabi/13.2.1/../../../../arm-none-eabi/lib/thumb/v7e-m+fp/hard/libc_nano.a(libc_a-reent.o)
                              /opt/gcc-arm-none-eabi/bin/../lib/gcc/arm-none-eabi/13.2.1/../../../../arm-none-eabi/lib/thumb/v7e-m+fp/hard/libc_nano.a(libc_a-readr.o) (errno)
/opt/gcc-arm-none-eabi/bin/../lib/gcc/arm-none-eabi/13.2.1/../../../../arm-none-eabi/lib/thumb/v7e-m+fp/hard/libc_nano.a(libc_a-impure.o)
                              /opt/gcc-arm-none-eabi/bin/../lib/gcc/arm-none-eabi/13.2.1/../../../../arm-none-eabi/lib/thumb/v7e-m+fp/hard/libc_nano.a(libc_a-reent.o) (_impure_ptr)
/opt/gcc-arm-none-eabi/bin/../lib/gcc/arm-none-eabi/13.2.1/../../../../arm-none-eabi/lib/thumb/v7e-m+fp/hard/libc_nano.a(libc_a-fflush.o)
                              /opt/gcc-arm-none-eabi/bin/../lib/gcc/arm-none-eabi/13.2.1/../../../../arm-none-eabi/lib/thumb/v7e-m+fp/hard/libc_nano.a(libc_a-findfp.o) (_fflush_r)
/opt/gcc-arm-none-eabi/bin/../lib/gcc/arm-none-eabi/13.2.1/../../../../arm-none-eabi/lib/thumb/v7e-m+fp/hard/libc_nano.a(libc_a-mallocr.o)
                              /opt/gcc-arm-none-eabi/bin/../lib/gcc/arm-none-eabi/13.2.1/../../../../arm-none-eabi/lib/thumb/v7e-m+fp/hard/libc_nano.a(libc_a-findfp.o) (_malloc_r)
/opt/gcc-arm-none-eabi/bin/../lib/gcc/arm-none-eabi/13.2.1/../../../../arm-none-eabi/lib/thumb/v7e-m+fp/hard/libc_nano.a(libc_a-lseekr.o)
                              /opt/gcc-arm-none-eabi/bin/../lib/gcc/arm-none-eabi/13.2.1/../../../../arm-none-eabi/lib/thumb/v7e-m+fp/hard/libc_nano.a(libc_a-stdio.o) (_lseek_r)
/opt/gcc-arm-none-eabi/bin/../lib/gcc/arm-none-eabi/13.2.1/../../../../arm-none-eabi/lib/thumb/v7e-m+fp/hard/libc_nano.a(libc_a-mlock.o)
[...]
Memory Configuration

Name             Origin             Length             Attributes
CCMRAM           0x10000000         0x00002000         xrw
RAM              0x20000000         0x0000a000         xrw
FLASH            0x08000000         0x00040000         xr
*default*        0x00000000         0xffffffff

Linker script and memory map

LOAD /opt/gcc-arm-none-eabi/bin/../lib/gcc/arm-none-eabi/13.2.1/thumb/v7e-m+fp/hard/crti.o
LOAD /opt/gcc-arm-none-eabi/bin/../lib/gcc/arm-none-eabi/13.2.1/thumb/v7e-m+fp/hard/crtbegin.o
LOAD /opt/gcc-arm-none-eabi/bin/../lib/gcc/arm-none-eabi/13.2.1/../../../../arm-none-eabi/lib/thumb/v7e-m+fp/hard/crt0.o
START GROUP
LOAD /opt/gcc-arm-none-eabi/bin/../lib/gcc/arm-none-eabi/13.2.1/../../../../arm-none-eabi/lib/thumb/v7e-m+fp/hard/libc_nano.a
LOAD /opt/gcc-arm-none-eabi/bin/../lib/gcc/arm-none-eabi/13.2.1/../../../../arm-none-eabi/lib/thumb/v7e-m+fp/hard/libm.a
END GROUP
LOAD CMakeFiles/firmware_v1.0.0.dir/Core/Src/main.c.obj
LOAD CMakeFiles/firmware_v1.0.0.dir/Core/Src/stm32f3xx_it.c.obj
LOAD CMakeFiles/firmware_v1.0.0.dir/Core/Src/stm32f3xx_hal_msp.c.obj
LOAD CMakeFiles/firmware_v1.0.0.dir/Drivers/STM32F3xx_HAL_Driver/Src/stm32f3xx_hal_i2c.c.obj
LOAD CMakeFiles/firmware_v1.0.0.dir/Drivers/STM32F3xx_HAL_Driver/Src/stm32f3xx_hal_i2c_ex.c.obj
LOAD CMakeFiles/firmware_v1.0.0.dir/Drivers/STM32F3xx_HAL_Driver/Src/stm32f3xx_hal.c.obj
LOAD CMakeFiles/firmware_v1.0.0.dir/Drivers/STM32F3xx_HAL_Driver/Src/stm32f3xx_hal_rcc.c.obj
LOAD CMakeFiles/firmware_v1.0.0.dir/Drivers/STM32F3xx_HAL_Driver/Src/stm32f3xx_hal_rcc_ex.c.obj
LOAD CMakeFiles/firmware_v1.0.0.dir/Drivers/STM32F3xx_HAL_Driver/Src/stm32f3xx_hal_gpio.c.obj
LOAD CMakeFiles/firmware_v1.0.0.dir/Drivers/STM32F3xx_HAL_Driver/Src/stm32f3xx_hal_dma.c.obj
LOAD CMakeFiles/firmware_v1.0.0.dir/Drivers/STM32F3xx_HAL_Driver/Src/stm32f3xx_hal_cortex.c.obj
LOAD CMakeFiles/firmware_v1.0.0.dir/Drivers/STM32F3xx_HAL_Driver/Src/stm32f3xx_hal_pwr.c.obj
LOAD CMakeFiles/firmware_v1.0.0.dir/Drivers/STM32F3xx_HAL_Driver/Src/stm32f3xx_hal_pwr_ex.c.obj
LOAD CMakeFiles/firmware_v1.0.0.dir/Drivers/STM32F3xx_HAL_Driver/Src/stm32f3xx_hal_flash.c.obj
LOAD CMakeFiles/firmware_v1.0.0.dir/Drivers/STM32F3xx_HAL_Driver/Src/stm32f3xx_hal_flash_ex.c.obj
LOAD CMakeFiles/firmware_v1.0.0.dir/Drivers/STM32F3xx_HAL_Driver/Src/stm32f3xx_hal_exti.c.obj
LOAD CMakeFiles/firmware_v1.0.0.dir/Drivers/STM32F3xx_HAL_Driver/Src/stm32f3xx_hal_tim.c.obj
LOAD CMakeFiles/firmware_v1.0.0.dir/Drivers/STM32F3xx_HAL_Driver/Src/stm32f3xx_hal_tim_ex.c.obj
LOAD CMakeFiles/firmware_v1.0.0.dir/Drivers/STM32F3xx_HAL_Driver/Src/stm32f3xx_hal_uart.c.obj
LOAD CMakeFiles/firmware_v1.0.0.dir/Drivers/STM32F3xx_HAL_Driver/Src/stm32f3xx_hal_uart_ex.c.obj
LOAD CMakeFiles/firmware_v1.0.0.dir/Core/Src/system_stm32f3xx.c.obj
LOAD CMakeFiles/firmware_v1.0.0.dir/Core/Src/sysmem.c.obj
LOAD CMakeFiles/firmware_v1.0.0.dir/Core/Src/syscalls.c.obj
LOAD CMakeFiles/firmware_v1.0.0.dir/startup_stm32f303xc.s.obj
START GROUP
LOAD /opt/gcc-arm-none-eabi/bin/../lib/gcc/arm-none-eabi/13.2.1/thumb/v7e-m+fp/hard/libgcc.a
LOAD /opt/gcc-arm-none-eabi/bin/../lib/gcc/arm-none-eabi/13.2.1/../../../../arm-none-eabi/lib/thumb/v7e-m+fp/hard/libg_nano.a
LOAD /opt/gcc-arm-none-eabi/bin/../lib/gcc/arm-none-eabi/13.2.1/../../../../arm-none-eabi/lib/thumb/v7e-m+fp/hard/libc_nano.a
END GROUP
START GROUP
LOAD /opt/gcc-arm-none-eabi/bin/../lib/gcc/arm-none-eabi/13.2.1/thumb/v7e-m+fp/hard/libgcc.a
LOAD /opt/gcc-arm-none-eabi/bin/../lib/gcc/arm-none-eabi/13.2.1/../../../../arm-none-eabi/lib/thumb/v7e-m+fp/hard/libc_nano.a
END GROUP
LOAD /opt/gcc-arm-none-eabi/bin/../lib/gcc/arm-none-eabi/13.2.1/thumb/v7e-m+fp/hard/crtend.o
LOAD /opt/gcc-arm-none-eabi/bin/../lib/gcc/arm-none-eabi/13.2.1/thumb/v7e-m+fp/hard/crtn.o
                0x2000a000                        _estack = (ORIGIN (RAM) + LENGTH (RAM))
                0x00000200                        _Min_Heap_Size = 0x200
                0x00000400                        _Min_Stack_Size = 0x400

.isr_vector     0x08000000      0x188
                0x08000000                        . = ALIGN (0x4)
 *(.isr_vector)
 .isr_vector    0x08000000      0x188 CMakeFiles/firmware_v1.0.0.dir/startup_stm32f303xc.s.obj
                0x08000000                g_pfnVectors
                0x08000188                        . = ALIGN (0x4)

.text           0x08000188     0x43e8
                0x08000188                        . = ALIGN (0x4)
 *(.text)
 *(.text*)
 .text.deregister_tm_clones
                0x08000188       0x1c /opt/gcc-arm-none-eabi/bin/../lib/gcc/arm-none-eabi/13.2.1/thumb/v7e-m+fp/hard/crtbegin.o
 .text.register_tm_clones
                0x080001a4       0x24 /opt/gcc-arm-none-eabi/bin/../lib/gcc/arm-none-eabi/13.2.1/thumb/v7e-m+fp/hard/crtbegin.o
 .text.__do_global_dtors_aux
                0x080001c8       0x28 /opt/gcc-arm-none-eabi/bin/../lib/gcc/arm-none-eabi/13.2.1/thumb/v7e-m+fp/hard/crtbegin.o
 .text.frame_dummy
                0x080001f0       0x24 /opt/gcc-arm-none-eabi/bin/../lib/gcc/arm-none-eabi/13.2.1/thumb/v7e-m+fp/hard/crtbegin.o
 .text.__libc_init_array
                0x08000214       0x48 /opt/gcc-arm-none-eabi/bin/../lib/gcc/arm-none-eabi/13.2.1/../../../../arm-none-eabi/lib/thumb/v7e-m+fp/hard/libc_nano.a(libc_a-init.o)
                0x08000214                __libc_init_array
 .text.memset   0x0800025c       0x10 /opt/gcc-arm-none-eabi/bin/../lib/gcc/arm-none-eabi/13.2.1/../../../../arm-none-eabi/lib/thumb/v7e-m+fp/hard/libc_nano.a(libc_a-memset.o)
                0x0800025c                memset
 .text.main     0x0800026c       0x2c CMakeFiles/firmware_v1.0.0.dir/Core/Src/main.c.obj
                0x0800026c                main
 .text.SystemClock_Config
                0x08000298       0xb0 CMakeFiles/firmware_v1.0.0.dir/Core/Src/main.c.obj
                0x08000298                SystemClock_Config
 .text.MX_I2C1_Init
                0x08000348       0x80 CMakeFiles/firmware_v1.0.0.dir/Core/Src/main.c.obj
 .text.MX_I2C2_Init
                0x080003c8       0x80 CMakeFiles/firmware_v1.0.0.dir/Core/Src/main.c.obj
 .text.MX_USART1_UART_Init
                0x08000448       0x60 CMakeFiles/firmware_v1.0.0.dir/Core/Src/main.c.obj
 .text.MX_USART2_UART_Init
                0x080004a8       0x60 CMakeFiles/firmware_v1.0.0.dir/Core/Src/main.c.obj
 .text.MX_USART3_UART_Init
                0x08000508       0x60 CMakeFiles/firmware_v1.0.0.dir/Core/Src/main.c.obj
 .text.MX_DMA_Init
                0x08000568       0x6c CMakeFiles/firmware_v1.0.0.dir/Core/Src/main.c.obj
 .text.MX_GPIO_Init
                0x080005d4      0x244 CMakeFiles/firmware_v1.0.0.dir/Core/Src/main.c.obj
 .text.Error_Handler
                0x08000818        0xc CMakeFiles/firmware_v1.0.0.dir/Core/Src/main.c.obj
                0x08000818                Error_Handler
 .text.NMI_Handler
                0x08000824        0x8 CMakeFiles/firmware_v1.0.0.dir/Core/Src/stm32f3xx_it.c.obj
                0x08000824                NMI_Handler
 .text.HardFault_Handler
                0x0800082c        0x8 CMakeFiles/firmware_v1.0.0.dir/Core/Src/stm32f3xx_it.c.obj
                0x0800082c                HardFault_Handler
 .text.MemManage_Handler
                0x08000834        0x8 CMakeFiles/firmware_v1.0.0.dir/Core/Src/stm32f3xx_it.c.obj
                0x08000834                MemManage_Handler
 .text.BusFault_Handler
                0x0800083c        0x8 CMakeFiles/firmware_v1.0.0.dir/Core/Src/stm32f3xx_it.c.obj
                0x0800083c                BusFault_Handler
 .text.UsageFault_Handler
                0x08000844        0x8 CMakeFiles/firmware_v1.0.0.dir/Core/Src/stm32f3xx_it.c.obj
                0x08000844                UsageFault_Handler
 .text.SVC_Handler
                0x0800084c        0xe CMakeFiles/firmware_v1.0.0.dir/Core/Src/stm32f3xx_it.c.obj
                0x0800084c                SVC_Handler
 .text.DebugMon_Handler
                0x0800085a        0xe CMakeFiles/firmware_v1.0.0.dir/Core/Src/stm32f3xx_it.c.obj
                0x0800085a                DebugMon_Handler
 .text.PendSV_Handler
                0x08000868        0xe CMakeFiles/firmware_v1.0.0.dir/Core/Src/stm32f3xx_it.c.obj
                0x08000868                PendSV_Handler
 .text.SysTick_Handler
                0x08000876        0xc CMakeFiles/firmware_v1.0.0.dir/Core/Src/stm32f3xx_it.c.obj
                0x08000876                SysTick_Handler
 *fill*         0x08000882        0x2 
 .text.DMA1_Channel4_IRQHandler
                0x08000884       0x14 CMakeFiles/firmware_v1.0.0.dir/Core/Src/stm32f3xx_it.c.obj
                0x08000884                DMA1_Channel4_IRQHandler
 .text.DMA1_Channel5_IRQHandler
                0x08000898       0x14 CMakeFiles/firmware_v1.0.0.dir/Core/Src/stm32f3xx_it.c.obj
                0x08000898                DMA1_Channel5_IRQHandler
 .text.DMA1_Channel6_IRQHandler
                0x080008ac       0x14 CMakeFiles/firmware_v1.0.0.dir/Core/Src/stm32f3xx_it.c.obj
                0x080008ac                DMA1_Channel6_IRQHandler
 .text.DMA1_Channel7_IRQHandler
                0x080008c0       0x14 CMakeFiles/firmware_v1.0.0.dir/Core/Src/stm32f3xx_it.c.obj
                0x080008c0                DMA1_Channel7_IRQHandler
 .text.I2C1_EV_IRQHandler
                0x080008d4       0x14 CMakeFiles/firmware_v1.0.0.dir/Core/Src/stm32f3xx_it.c.obj
                0x080008d4                I2C1_EV_IRQHandler
 .text.I2C1_ER_IRQHandler
                0x080008e8       0x14 CMakeFiles/firmware_v1.0.0.dir/Core/Src/stm32f3xx_it.c.obj
                0x080008e8                I2C1_ER_IRQHandler
 .text.I2C2_EV_IRQHandler
                0x080008fc       0x14 CMakeFiles/firmware_v1.0.0.dir/Core/Src/stm32f3xx_it.c.obj
                0x080008fc                I2C2_EV_IRQHandler
 .text.I2C2_ER_IRQHandler
                0x08000910       0x14 CMakeFiles/firmware_v1.0.0.dir/Core/Src/stm32f3xx_it.c.obj
                0x08000910                I2C2_ER_IRQHandler
 .text.HAL_MspInit
                0x08000924       0x48 CMakeFiles/firmware_v1.0.0.dir/Core/Src/stm32f3xx_hal_msp.c.obj
                0x08000924                HAL_MspInit
 .text.HAL_I2C_MspInit
                0x0800096c      0x280 CMakeFiles/firmware_v1.0.0.dir/Core/Src/stm32f3xx_hal_msp.c.obj
                0x0800096c                HAL_I2C_MspInit
 .text.HAL_UART_MspInit
                0x08000bec      0x150 CMakeFiles/firmware_v1.0.0.dir/Core/Src/stm32f3xx_hal_msp.c.obj
                0x08000bec                HAL_UART_MspInit
 .text.HAL_I2C_Init
                0x08000d3c      0x136 CMakeFiles/firmware_v1.0.0.dir/Drivers/STM32F3xx_HAL_Driver/Src/stm32f3xx_hal_i2c.c.obj
                0x08000d3c                HAL_I2C_Init
 .text.HAL_I2C_EV_IRQHandler
                0x08000e72       0x34 CMakeFiles/firmware_v1.0.0.dir/Drivers/STM32F3xx_HAL_Driver/Src/stm32f3xx_hal_i2c.c.obj
                0x08000e72                HAL_I2C_EV_IRQHandler
 .text.HAL_I2C_ER_IRQHandler
                0x08000ea6       0xc2 CMakeFiles/firmware_v1.0.0.dir/Drivers/STM32F3xx_HAL_Driver/Src/stm32f3xx_hal_i2c.c.obj
                0x08000ea6                HAL_I2C_ER_IRQHandler
 .text.HAL_I2C_SlaveTxCpltCallback
                0x08000f68       0x14 CMakeFiles/firmware_v1.0.0.dir/Drivers/STM32F3xx_HAL_Driver/Src/stm32f3xx_hal_i2c.c.obj
                0x08000f68                HAL_I2C_SlaveTxCpltCallback
 .text.HAL_I2C_SlaveRxCpltCallback
                0x08000f7c       0x14 CMakeFiles/firmware_v1.0.0.dir/Drivers/STM32F3xx_HAL_Driver/Src/stm32f3xx_hal_i2c.c.obj
                0x08000f7c                HAL_I2C_SlaveRxCpltCallback
 .text.HAL_I2C_AddrCallback
                0x08000f90       0x1c CMakeFiles/firmware_v1.0.0.dir/Drivers/STM32F3xx_HAL_Driver/Src/stm32f3xx_hal_i2c.c.obj
                0x08000f90                HAL_I2C_AddrCallback
 .text.HAL_I2C_ListenCpltCallback
                0x08000fac       0x14 CMakeFiles/firmware_v1.0.0.dir/Drivers/STM32F3xx_HAL_Driver/Src/stm32f3xx_hal_i2c.c.obj
                0x08000fac                HAL_I2C_ListenCpltCallback
 .text.HAL_I2C_ErrorCallback
                0x08000fc0       0x14 CMakeFiles/firmware_v1.0.0.dir/Drivers/STM32F3xx_HAL_Driver/Src/stm32f3xx_hal_i2c.c.obj
                0x08000fc0                HAL_I2C_ErrorCallback
 .text.HAL_I2C_AbortCpltCallback
                0x08000fd4       0x14 CMakeFiles/firmware_v1.0.0.dir/Drivers/STM32F3xx_HAL_Driver/Src/stm32f3xx_hal_i2c.c.obj
                0x08000fd4                HAL_I2C_AbortCpltCallback
 .text.I2C_Slave_ISR_IT
                0x08000fe8      0x208 CMakeFiles/firmware_v1.0.0.dir/Drivers/STM32F3xx_HAL_Driver/Src/stm32f3xx_hal_i2c.c.obj
 .text.I2C_ITAddrCplt
                0x080011f0      0x108 CMakeFiles/firmware_v1.0.0.dir/Drivers/STM32F3xx_HAL_Driver/Src/stm32f3xx_hal_i2c.c.obj
 .text.I2C_ITSlaveSeqCplt
                0x080012f8       0xbc CMakeFiles/firmware_v1.0.0.dir/Drivers/STM32F3xx_HAL_Driver/Src/stm32f3xx_hal_i2c.c.obj
 .text.I2C_ITSlaveCplt
                0x080013b4      0x2d4 CMakeFiles/firmware_v1.0.0.dir/Drivers/STM32F3xx_HAL_Driver/Src/stm32f3xx_hal_i2c.c.obj
 .text.I2C_ITListenCplt
                0x08001688       0xac CMakeFiles/firmware_v1.0.0.dir/Drivers/STM32F3xx_HAL_Driver/Src/stm32f3xx_hal_i2c.c.obj
 .text.I2C_ITError
                0x08001734      0x1e0 CMakeFiles/firmware_v1.0.0.dir/Drivers/STM32F3xx_HAL_Driver/Src/stm32f3xx_hal_i2c.c.obj
 .text.I2C_TreatErrorCallback
                0x08001914       0x4e CMakeFiles/firmware_v1.0.0.dir/Drivers/STM32F3xx_HAL_Driver/Src/stm32f3xx_hal_i2c.c.obj
 .text.I2C_Flush_TXDR
                0x08001962       0x48 CMakeFiles/firmware_v1.0.0.dir/Drivers/STM32F3xx_HAL_Driver/Src/stm32f3xx_hal_i2c.c.obj
 .text.I2C_DMAAbort
                0x080019aa       0x3c CMakeFiles/firmware_v1.0.0.dir/Drivers/STM32F3xx_HAL_Driver/Src/stm32f3xx_hal_i2c.c.obj
 .text.I2C_Disable_IRQ
                0x080019e6       0xbc CMakeFiles/firmware_v1.0.0.dir/Drivers/STM32F3xx_HAL_Driver/Src/stm32f3xx_hal_i2c.c.obj
 .text.HAL_I2CEx_ConfigAnalogFilter
                0x08001aa2       0x96 CMakeFiles/firmware_v1.0.0.dir/Drivers/STM32F3xx_HAL_Driver/Src/stm32f3xx_hal_i2c_ex.c.obj
                0x08001aa2                HAL_I2CEx_ConfigAnalogFilter
 .text.HAL_I2CEx_ConfigDigitalFilter
                0x08001b38       0x98 CMakeFiles/firmware_v1.0.0.dir/Drivers/STM32F3xx_HAL_Driver/Src/stm32f3xx_hal_i2c_ex.c.obj
                0x08001b38                HAL_I2CEx_ConfigDigitalFilter
 .text.HAL_Init
                0x08001bd0       0x2c CMakeFiles/firmware_v1.0.0.dir/Drivers/STM32F3xx_HAL_Driver/Src/stm32f3xx_hal.c.obj
                0x08001bd0                HAL_Init
 .text.HAL_InitTick
                0x08001bfc       0x60 CMakeFiles/firmware_v1.0.0.dir/Drivers/STM32F3xx_HAL_Driver/Src/stm32f3xx_hal.c.obj
                0x08001bfc                HAL_InitTick
 .text.HAL_IncTick
                0x08001c5c       0x28 CMakeFiles/firmware_v1.0.0.dir/Drivers/STM32F3xx_HAL_Driver/Src/stm32f3xx_hal.c.obj
                0x08001c5c                HAL_IncTick
 .text.HAL_GetTick
                0x08001c84       0x18 CMakeFiles/firmware_v1.0.0.dir/Drivers/STM32F3xx_HAL_Driver/Src/stm32f3xx_hal.c.obj
                0x08001c84                HAL_GetTick
 .text.HAL_RCC_OscConfig
                0x08001c9c     0x101c CMakeFiles/firmware_v1.0.0.dir/Drivers/STM32F3xx_HAL_Driver/Src/stm32f3xx_hal_rcc.c.obj
                0x08001c9c                HAL_RCC_OscConfig
 .text.HAL_RCC_ClockConfig
                0x08002cb8      0x2dc CMakeFiles/firmware_v1.0.0.dir/Drivers/STM32F3xx_HAL_Driver/Src/stm32f3xx_hal_rcc.c.obj
                0x08002cb8                HAL_RCC_ClockConfig
 .text.HAL_RCC_GetSysClockFreq
                0x08002f94       0xa8 CMakeFiles/firmware_v1.0.0.dir/Drivers/STM32F3xx_HAL_Driver/Src/stm32f3xx_hal_rcc.c.obj
                0x08002f94                HAL_RCC_GetSysClockFreq
 .text.HAL_RCC_GetHCLKFreq
                0x0800303c       0x18 CMakeFiles/firmware_v1.0.0.dir/Drivers/STM32F3xx_HAL_Driver/Src/stm32f3xx_hal_rcc.c.obj
                0x0800303c                HAL_RCC_GetHCLKFreq
 .text.HAL_RCC_GetPCLK1Freq
                0x08003054       0x44 CMakeFiles/firmware_v1.0.0.dir/Drivers/STM32F3xx_HAL_Driver/Src/stm32f3xx_hal_rcc.c.obj
                0x08003054                HAL_RCC_GetPCLK1Freq
 .text.HAL_RCC_GetPCLK2Freq
                0x08003098       0x44 CMakeFiles/firmware_v1.0.0.dir/Drivers/STM32F3xx_HAL_Driver/Src/stm32f3xx_hal_rcc.c.obj
                0x08003098                HAL_RCC_GetPCLK2Freq
 .text.HAL_RCCEx_PeriphCLKConfig
                0x080030dc      0x35c CMakeFiles/firmware_v1.0.0.dir/Drivers/STM32F3xx_HAL_Driver/Src/stm32f3xx_hal_rcc_ex.c.obj
                0x080030dc                HAL_RCCEx_PeriphCLKConfig
 .text.HAL_GPIO_Init
                0x08003438      0x2f4 CMakeFiles/firmware_v1.0.0.dir/Drivers/STM32F3xx_HAL_Driver/Src/stm32f3xx_hal_gpio.c.obj
                0x08003438                HAL_GPIO_Init
 .text.HAL_GPIO_WritePin
                0x0800372c       0x30 CMakeFiles/firmware_v1.0.0.dir/Drivers/STM32F3xx_HAL_Driver/Src/stm32f3xx_hal_gpio.c.obj
                0x0800372c                HAL_GPIO_WritePin
 .text.HAL_DMA_Init
                0x0800375c       0x8e CMakeFiles/firmware_v1.0.0.dir/Drivers/STM32F3xx_HAL_Driver/Src/stm32f3xx_hal_dma.c.obj
                0x0800375c                HAL_DMA_Init
 .text.HAL_DMA_Abort_IT
                0x080037ea       0x7c CMakeFiles/firmware_v1.0.0.dir/Drivers/STM32F3xx_HAL_Driver/Src/stm32f3xx_hal_dma.c.obj
                0x080037ea                HAL_DMA_Abort_IT
 .text.HAL_DMA_IRQHandler
                0x08003866      0x146 CMakeFiles/firmware_v1.0.0.dir/Drivers/STM32F3xx_HAL_Driver/Src/stm32f3xx_hal_dma.c.obj
                0x08003866                HAL_DMA_IRQHandler
 .text.HAL_DMA_GetState
                0x080039ac       0x1a CMakeFiles/firmware_v1.0.0.dir/Drivers/STM32F3xx_HAL_Driver/Src/stm32f3xx_hal_dma.c.obj
                0x080039ac                HAL_DMA_GetState
 *fill*         0x080039c6        0x2 
 .text.DMA_CalcBaseAndBitshift
                0x080039c8       0x78 CMakeFiles/firmware_v1.0.0.dir/Drivers/STM32F3xx_HAL_Driver/Src/stm32f3xx_hal_dma.c.obj
 .text.__NVIC_SetPriorityGrouping
                0x08003a40       0x48 CMakeFiles/firmware_v1.0.0.dir/Drivers/STM32F3xx_HAL_Driver/Src/stm32f3xx_hal_cortex.c.obj
 .text.__NVIC_GetPriorityGrouping
                0x08003a88       0x1c CMakeFiles/firmware_v1.0.0.dir/Drivers/STM32F3xx_HAL_Driver/Src/stm32f3xx_hal_cortex.c.obj
 .text.__NVIC_EnableIRQ
                0x08003aa4       0x3c CMakeFiles/firmware_v1.0.0.dir/Drivers/STM32F3xx_HAL_Driver/Src/stm32f3xx_hal_cortex.c.obj
 .text.__NVIC_SetPriority
                0x08003ae0       0x54 CMakeFiles/firmware_v1.0.0.dir/Drivers/STM32F3xx_HAL_Driver/Src/stm32f3xx_hal_cortex.c.obj
 .text.NVIC_EncodePriority
                0x08003b34       0x66 CMakeFiles/firmware_v1.0.0.dir/Drivers/STM32F3xx_HAL_Driver/Src/stm32f3xx_hal_cortex.c.obj
 *fill*         0x08003b9a        0x2 
 .text.SysTick_Config
                0x08003b9c       0x44 CMakeFiles/firmware_v1.0.0.dir/Drivers/STM32F3xx_HAL_Driver/Src/stm32f3xx_hal_cortex.c.obj
 .text.HAL_NVIC_SetPriorityGrouping
                0x08003be0       0x16 CMakeFiles/firmware_v1.0.0.dir/Drivers/STM32F3xx_HAL_Driver/Src/stm32f3xx_hal_cortex.c.obj
                0x08003be0                HAL_NVIC_SetPriorityGrouping
 .text.HAL_NVIC_SetPriority
                0x08003bf6       0x38 CMakeFiles/firmware_v1.0.0.dir/Drivers/STM32F3xx_HAL_Driver/Src/stm32f3xx_hal_cortex.c.obj
                0x08003bf6                HAL_NVIC_SetPriority
 .text.HAL_NVIC_EnableIRQ
                0x08003c2e       0x1c CMakeFiles/firmware_v1.0.0.dir/Drivers/STM32F3xx_HAL_Driver/Src/stm32f3xx_hal_cortex.c.obj
                0x08003c2e                HAL_NVIC_EnableIRQ
 .text.HAL_SYSTICK_Config
                0x08003c4a       0x18 CMakeFiles/firmware_v1.0.0.dir/Drivers/STM32F3xx_HAL_Driver/Src/stm32f3xx_hal_cortex.c.obj
                0x08003c4a                HAL_SYSTICK_Config
 .text.HAL_UART_Init
                0x08003c62       0x9c CMakeFiles/firmware_v1.0.0.dir/Drivers/STM32F3xx_HAL_Driver/Src/stm32f3xx_hal_uart.c.obj
                0x08003c62                HAL_UART_Init
 *fill*         0x08003cfe        0x2 
 .text.UART_SetConfig
                0x08003d00      0x3a8 CMakeFiles/firmware_v1.0.0.dir/Drivers/STM32F3xx_HAL_Driver/Src/stm32f3xx_hal_uart.c.obj
                0x08003d00                UART_SetConfig
 .text.UART_AdvFeatureConfig
                0x080040a8      0x144 CMakeFiles/firmware_v1.0.0.dir/Drivers/STM32F3xx_HAL_Driver/Src/stm32f3xx_hal_uart.c.obj
                0x080040a8                UART_AdvFeatureConfig
 .text.UART_CheckIdleState
                0x080041ec      0x150 CMakeFiles/firmware_v1.0.0.dir/Drivers/STM32F3xx_HAL_Driver/Src/stm32f3xx_hal_uart.c.obj
                0x080041ec                UART_CheckIdleState
 .text.UART_WaitOnFlagUntilTimeout
                0x0800433c       0xda CMakeFiles/firmware_v1.0.0.dir/Drivers/STM32F3xx_HAL_Driver/Src/stm32f3xx_hal_uart.c.obj
                0x0800433c                UART_WaitOnFlagUntilTimeout
 .text.UART_EndRxTransfer
                0x08004416       0xc8 CMakeFiles/firmware_v1.0.0.dir/Drivers/STM32F3xx_HAL_Driver/Src/stm32f3xx_hal_uart.c.obj
 *fill*         0x080044de        0x2 
 .text.SystemInit
                0x080044e0       0x24 CMakeFiles/firmware_v1.0.0.dir/Core/Src/system_stm32f3xx.c.obj
                0x080044e0                SystemInit
 .text.Reset_Handler
                0x08004504       0x50 CMakeFiles/firmware_v1.0.0.dir/startup_stm32f303xc.s.obj
                0x08004504                Reset_Handler
 .text.Default_Handler
                0x08004554        0x2 CMakeFiles/firmware_v1.0.0.dir/startup_stm32f303xc.s.obj
                0x08004554                RTC_Alarm_IRQHandler
                0x08004554                TIM8_TRG_COM_IRQHandler
                0x08004554                TIM8_CC_IRQHandler
                0x08004554                TIM1_CC_IRQHandler
                0x08004554                USB_HP_IRQHandler
                0x08004554                PVD_IRQHandler
                0x08004554                TAMP_STAMP_IRQHandler
                0x08004554                EXTI3_IRQHandler
                0x08004554                USB_HP_CAN_TX_IRQHandler
                0x08004554                EXTI0_IRQHandler
                0x08004554                FPU_IRQHandler
                0x08004554                TIM1_UP_TIM16_IRQHandler
                0x08004554                ADC1_2_IRQHandler
                0x08004554                SPI1_IRQHandler
                0x08004554                CAN_SCE_IRQHandler
                0x08004554                TIM6_DAC_IRQHandler
                0x08004554                TIM8_UP_IRQHandler
                0x08004554                DMA2_Channel2_IRQHandler
                0x08004554                USART3_IRQHandler
                0x08004554                UART5_IRQHandler
                0x08004554                ADC3_IRQHandler
                0x08004554                TIM4_IRQHandler
                0x08004554                CAN_RX1_IRQHandler
                0x08004554                DMA2_Channel1_IRQHandler
                0x08004554                UART4_IRQHandler
                0x08004554                DMA2_Channel4_IRQHandler
                0x08004554                TIM3_IRQHandler
                0x08004554                RCC_IRQHandler
                0x08004554                DMA1_Channel1_IRQHandler
                0x08004554                Default_Handler
                0x08004554                USBWakeUp_RMP_IRQHandler
                0x08004554                EXTI15_10_IRQHandler
                0x08004554                TIM7_IRQHandler
                0x08004554                EXTI9_5_IRQHandler
                0x08004554                RTC_WKUP_IRQHandler
                0x08004554                SPI2_IRQHandler
                0x08004554                USB_LP_CAN_RX0_IRQHandler
                0x08004554                DMA2_Channel5_IRQHandler
                0x08004554                USB_LP_IRQHandler
                0x08004554                EXTI4_IRQHandler
                0x08004554                TIM1_TRG_COM_TIM17_IRQHandler
                0x08004554                DMA1_Channel3_IRQHandler
                0x08004554                ADC4_IRQHandler
                0x08004554                WWDG_IRQHandler
                0x08004554                TIM2_IRQHandler
                0x08004554                COMP7_IRQHandler
                0x08004554                COMP1_2_3_IRQHandler
                0x08004554                EXTI1_IRQHandler
                0x08004554                USART2_IRQHandler
                0x08004554                COMP4_5_6_IRQHandler
                0x08004554                DMA1_Channel2_IRQHandler
                0x08004554                TIM8_BRK_IRQHandler
                0x08004554                FLASH_IRQHandler
                0x08004554                USART1_IRQHandler
                0x08004554                SPI3_IRQHandler
                0x08004554                USBWakeUp_IRQHandler
                0x08004554                DMA2_Channel3_IRQHandler
                0x08004554                EXTI2_TSC_IRQHandler
                0x08004554                TIM1_BRK_TIM15_IRQHandler
 *(.glue_7)
 .glue_7        0x08004556        0x0 linker stubs
 *(.glue_7t)
 .glue_7t       0x08004556        0x0 linker stubs
 *(.eh_frame)
 *fill*         0x08004556        0x2 
 .eh_frame      0x08004558        0x0 /opt/gcc-arm-none-eabi/bin/../lib/gcc/arm-none-eabi/13.2.1/thumb/v7e-m+fp/hard/crtbegin.o
 *(.init)
 .init          0x08004558        0x4 /opt/gcc-arm-none-eabi/bin/../lib/gcc/arm-none-eabi/13.2.1/thumb/v7e-m+fp/hard/crti.o
                0x08004558                _init
 .init          0x0800455c        0x8 /opt/gcc-arm-none-eabi/bin/../lib/gcc/arm-none-eabi/13.2.1/thumb/v7e-m+fp/hard/crtn.o
 *(.fini)
 .fini          0x08004564        0x4 /opt/gcc-arm-none-eabi/bin/../lib/gcc/arm-none-eabi/13.2.1/thumb/v7e-m+fp/hard/crti.o
                0x08004564                _fini
 .fini          0x08004568        0x8 /opt/gcc-arm-none-eabi/bin/../lib/gcc/arm-none-eabi/13.2.1/thumb/v7e-m+fp/hard/crtn.o
                0x08004570                        . = ALIGN (0x4)
                0x08004570                        _etext = .

.vfp11_veneer   0x08004570        0x0
 .vfp11_veneer  0x08004570        0x0 linker stubs

.v4_bx          0x08004570        0x0
 .v4_bx         0x08004570        0x0 linker stubs

.iplt           0x08004570        0x0
 .iplt          0x08004570        0x0 /opt/gcc-arm-none-eabi/bin/../lib/gcc/arm-none-eabi/13.2.1/thumb/v7e-m+fp/hard/crtbegin.o

.rodata         0x08004570       0x38
                0x08004570                        . = ALIGN (0x4)
 *(.rodata)
 *(.rodata*)
 .rodata.aPLLMULFactorTable
                0x08004570       0x10 CMakeFiles/firmware_v1.0.0.dir/Drivers/STM32F3xx_HAL_Driver/Src/stm32f3xx_hal_rcc.c.obj
 .rodata.aPredivFactorTable
                0x08004580       0x10 CMakeFiles/firmware_v1.0.0.dir/Drivers/STM32F3xx_HAL_Driver/Src/stm32f3xx_hal_rcc.c.obj
 .rodata.AHBPrescTable
                0x08004590       0x10 CMakeFiles/firmware_v1.0.0.dir/Core/Src/system_stm32f3xx.c.obj
                0x08004590                AHBPrescTable
 .rodata.APBPrescTable
                0x080045a0        0x8 CMakeFiles/firmware_v1.0.0.dir/Core/Src/system_stm32f3xx.c.obj
                0x080045a0                APBPrescTable
                0x080045a8                        . = ALIGN (0x4)

.ARM.extab      0x080045a8        0x0
                0x080045a8                        . = ALIGN (0x4)
 *(.ARM.extab* .gnu.linkonce.armextab.*)
                0x080045a8                        . = ALIGN (0x4)

.ARM            0x080045a8        0x0
                0x080045a8                        . = ALIGN (0x4)
                0x080045a8                        __exidx_start = .
 *(.ARM.exidx*)
                0x080045a8                        __exidx_end = .
                0x080045a8                        . = ALIGN (0x4)

.preinit_array  0x080045a8        0x0
                0x080045a8                        . = ALIGN (0x4)
                0x080045a8                        PROVIDE (__preinit_array_start = .)
 *(.preinit_array*)
                0x080045a8                        PROVIDE (__preinit_array_end = .)
                0x080045a8                        . = ALIGN (0x4)

.init_array     0x080045a8        0x4
                0x080045a8                        . = ALIGN (0x4)
                0x080045a8                        PROVIDE (__init_array_start = .)
 *(SORT_BY_NAME(.init_array.*))
 *(.init_array*)
 .init_array    0x080045a8        0x4 /opt/gcc-arm-none-eabi/bin/../lib/gcc/arm-none-eabi/13.2.1/thumb/v7e-m+fp/hard/crtbegin.o
                0x080045ac                        PROVIDE (__init_array_end = .)
                0x080045ac                        . = ALIGN (0x4)

.fini_array     0x080045ac        0x4
                0x080045ac                        . = ALIGN (0x4)
                [!provide]                        PROVIDE (__fini_array_start = .)
 *(SORT_BY_NAME(.fini_array.*))
 *(.fini_array*)
 .fini_array    0x080045ac        0x4 /opt/gcc-arm-none-eabi/bin/../lib/gcc/arm-none-eabi/13.2.1/thumb/v7e-m+fp/hard/crtbegin.o
                [!provide]                        PROVIDE (__fini_array_end = .)
                0x080045b0                        . = ALIGN (0x4)
                0x080045b0                        _sidata = LOADADDR (.data)

.rel.dyn        0x080045b0        0x0
 .rel.iplt      0x080045b0        0x0 /opt/gcc-arm-none-eabi/bin/../lib/gcc/arm-none-eabi/13.2.1/thumb/v7e-m+fp/hard/crtbegin.o

.data           0x20000000        0xc load address 0x080045b0
                0x20000000                        . = ALIGN (0x4)
                0x20000000                        _sdata = .
 *(.data)
 *(.data*)
 .data.uwTickPrio
                0x20000000        0x4 CMakeFiles/firmware_v1.0.0.dir/Drivers/STM32F3xx_HAL_Driver/Src/stm32f3xx_hal.c.obj
                0x20000000                uwTickPrio
 .data.uwTickFreq
                0x20000004        0x1 CMakeFiles/firmware_v1.0.0.dir/Drivers/STM32F3xx_HAL_Driver/Src/stm32f3xx_hal.c.obj
                0x20000004                uwTickFreq
 *fill*         0x20000005        0x3 
 .data.SystemCoreClock
                0x20000008        0x4 CMakeFiles/firmware_v1.0.0.dir/Core/Src/system_stm32f3xx.c.obj
                0x20000008                SystemCoreClock
 *(.RamFunc)
 *(.RamFunc*)
                0x2000000c                        . = ALIGN (0x4)
                0x2000000c                        _edata = .
                0x080045bc                        _siccmram = LOADADDR (.ccmram)

.tm_clone_table
                0x2000000c        0x0 load address 0x080045bc
 .tm_clone_table
                0x2000000c        0x0 /opt/gcc-arm-none-eabi/bin/../lib/gcc/arm-none-eabi/13.2.1/thumb/v7e-m+fp/hard/crtbegin.o
 .tm_clone_table
                0x2000000c        0x0 /opt/gcc-arm-none-eabi/bin/../lib/gcc/arm-none-eabi/13.2.1/thumb/v7e-m+fp/hard/crtend.o

.igot.plt       0x2000000c        0x0 load address 0x080045bc
 .igot.plt      0x2000000c        0x0 /opt/gcc-arm-none-eabi/bin/../lib/gcc/arm-none-eabi/13.2.1/thumb/v7e-m+fp/hard/crtbegin.o

.ccmram         0x10000000        0x0 load address 0x080045bc
                0x10000000                        . = ALIGN (0x4)
                0x10000000                        _sccmram = .
 *(.ccmram)
 *(.ccmram*)
                0x10000000                        . = ALIGN (0x4)
                0x10000000                        _eccmram = .
                0x10000000                        . = ALIGN (0x4)

.bss            0x2000000c      0x370
                0x2000000c                        _sbss = .
                0x2000000c                        __bss_start__ = _sbss
 *(.bss)
 *(.bss*)
 .bss.completed.1
                0x2000000c        0x1 /opt/gcc-arm-none-eabi/bin/../lib/gcc/arm-none-eabi/13.2.1/thumb/v7e-m+fp/hard/crtbegin.o
 *fill*         0x2000000d        0x3 
 .bss.object.0  0x20000010       0x18 /opt/gcc-arm-none-eabi/bin/../lib/gcc/arm-none-eabi/13.2.1/thumb/v7e-m+fp/hard/crtbegin.o
 .bss.hi2c1     0x20000028       0x54 CMakeFiles/firmware_v1.0.0.dir/Core/Src/main.c.obj
                0x20000028                hi2c1
 .bss.hi2c2     0x2000007c       0x54 CMakeFiles/firmware_v1.0.0.dir/Core/Src/main.c.obj
                0x2000007c                hi2c2
 .bss.hdma_i2c1_rx
                0x200000d0       0x44 CMakeFiles/firmware_v1.0.0.dir/Core/Src/main.c.obj
                0x200000d0                hdma_i2c1_rx
 .bss.hdma_i2c1_tx
                0x20000114       0x44 CMakeFiles/firmware_v1.0.0.dir/Core/Src/main.c.obj
                0x20000114                hdma_i2c1_tx
 .bss.hdma_i2c2_tx
                0x20000158       0x44 CMakeFiles/firmware_v1.0.0.dir/Core/Src/main.c.obj
                0x20000158                hdma_i2c2_tx
 .bss.hdma_i2c2_rx
                0x2000019c       0x44 CMakeFiles/firmware_v1.0.0.dir/Core/Src/main.c.obj
                0x2000019c                hdma_i2c2_rx
 .bss.huart1    0x200001e0       0x88 CMakeFiles/firmware_v1.0.0.dir/Core/Src/main.c.obj
                0x200001e0                huart1
 .bss.huart2    0x20000268       0x88 CMakeFiles/firmware_v1.0.0.dir/Core/Src/main.c.obj
                0x20000268                huart2
 .bss.huart3    0x200002f0       0x88 CMakeFiles/firmware_v1.0.0.dir/Core/Src/main.c.obj
                0x200002f0                huart3
 .bss.uwTick    0x20000378        0x4 CMakeFiles/firmware_v1.0.0.dir/Drivers/STM32F3xx_HAL_Driver/Src/stm32f3xx_hal.c.obj
                0x20000378                uwTick
 *(COMMON)
                0x2000037c                        . = ALIGN (0x4)
                0x2000037c                        _ebss = .
                0x2000037c                        __bss_end__ = _ebss

._user_heap_stack
                0x2000037c      0x604
                0x20000380                        . = ALIGN (0x8)
 *fill*         0x2000037c        0x4 
                [!provide]                        PROVIDE (end = .)
                0x20000380                        PROVIDE (_end = .)
                0x20000580                        . = (. + _Min_Heap_Size)
 *fill*         0x20000380      0x200 
                0x20000980                        . = (. + _Min_Stack_Size)
 *fill*         0x20000580      0x400 
                0x20000980                        . = ALIGN (0x8)

/DISCARD/
 libc.a(*)
 libm.a(*)
 libgcc.a(*)

.ARM.attributes
                0x00000000       0x30
 *(.ARM.attributes)
 .ARM.attributes
                0x00000000       0x22 /opt/gcc-arm-none-eabi/bin/../lib/gcc/arm-none-eabi/13.2.1/thumb/v7e-m+fp/hard/crti.o
 .ARM.attributes
                0x00000022       0x34 /opt/gcc-arm-none-eabi/bin/../lib/gcc/arm-none-eabi/13.2.1/thumb/v7e-m+fp/hard/crtbegin.o
 .ARM.attributes
                0x00000056       0x34 /opt/gcc-arm-none-eabi/bin/../lib/gcc/arm-none-eabi/13.2.1/../../../../arm-none-eabi/lib/thumb/v7e-m+fp/hard/libc_nano.a(libc_a-init.o)
 .ARM.attributes
                0x0000008a       0x34 /opt/gcc-arm-none-eabi/bin/../lib/gcc/arm-none-eabi/13.2.1/../../../../arm-none-eabi/lib/thumb/v7e-m+fp/hard/libc_nano.a(libc_a-memset.o)
 .ARM.attributes
                0x000000be       0x34 CMakeFiles/firmware_v1.0.0.dir/Core/Src/main.c.obj
 .ARM.attributes
                0x000000f2       0x34 CMakeFiles/firmware_v1.0.0.dir/Core/Src/stm32f3xx_it.c.obj
 .ARM.attributes
                0x00000126       0x34 CMakeFiles/firmware_v1.0.0.dir/Core/Src/stm32f3xx_hal_msp.c.obj
 .ARM.attributes
                0x0000015a       0x34 CMakeFiles/firmware_v1.0.0.dir/Drivers/STM32F3xx_HAL_Driver/Src/stm32f3xx_hal_i2c.c.obj
 .ARM.attributes
                0x0000018e       0x34 CMakeFiles/firmware_v1.0.0.dir/Drivers/STM32F3xx_HAL_Driver/Src/stm32f3xx_hal_i2c_ex.c.obj
 .ARM.attributes
                0x000001c2       0x34 CMakeFiles/firmware_v1.0.0.dir/Drivers/STM32F3xx_HAL_Driver/Src/stm32f3xx_hal.c.obj
 .ARM.attributes
                0x000001f6       0x34 CMakeFiles/firmware_v1.0.0.dir/Drivers/STM32F3xx_HAL_Driver/Src/stm32f3xx_hal_rcc.c.obj
 .ARM.attributes
                0x0000022a       0x34 CMakeFiles/firmware_v1.0.0.dir/Drivers/STM32F3xx_HAL_Driver/Src/stm32f3xx_hal_rcc_ex.c.obj
 .ARM.attributes
                0x0000025e       0x34 CMakeFiles/firmware_v1.0.0.dir/Drivers/STM32F3xx_HAL_Driver/Src/stm32f3xx_hal_gpio.c.obj
 .ARM.attributes
                0x00000292       0x34 CMakeFiles/firmware_v1.0.0.dir/Drivers/STM32F3xx_HAL_Driver/Src/stm32f3xx_hal_dma.c.obj
 .ARM.attributes
                0x000002c6       0x34 CMakeFiles/firmware_v1.0.0.dir/Drivers/STM32F3xx_HAL_Driver/Src/stm32f3xx_hal_cortex.c.obj
 .ARM.attributes
                0x000002fa       0x34 CMakeFiles/firmware_v1.0.0.dir/Drivers/STM32F3xx_HAL_Driver/Src/stm32f3xx_hal_uart.c.obj
 .ARM.attributes
                0x0000032e       0x34 CMakeFiles/firmware_v1.0.0.dir/Core/Src/system_stm32f3xx.c.obj
 .ARM.attributes
                0x00000362       0x21 CMakeFiles/firmware_v1.0.0.dir/startup_stm32f303xc.s.obj
 .ARM.attributes
                0x00000383       0x34 /opt/gcc-arm-none-eabi/bin/../lib/gcc/arm-none-eabi/13.2.1/thumb/v7e-m+fp/hard/crtend.o
 .ARM.attributes
                0x000003b7       0x22 /opt/gcc-arm-none-eabi/bin/../lib/gcc/arm-none-eabi/13.2.1/thumb/v7e-m+fp/hard/crtn.o
OUTPUT(firmware_v1.0.0.elf elf32-littlearm)
LOAD linker stubs
LOAD /opt/gcc-arm-none-eabi/bin/../lib/gcc/arm-none-eabi/13.2.1/../../../../arm-none-eabi/lib/thumb/v7e-m+fp/hard/libc.a
LOAD /opt/gcc-arm-none-eabi/bin/../lib/gcc/arm-none-eabi/13.2.1/../../../../arm-none-eabi/lib/thumb/v7e-m+fp/hard/libm.a
LOAD /opt/gcc-arm-none-eabi/bin/../lib/gcc/arm-none-eabi/13.2.1/thumb/v7e-m+fp/hard/libgcc.a

.debug_frame    0x00000000     0x2a08
 .debug_frame   0x00000000       0x2c /opt/gcc-arm-none-eabi/bin/../lib/gcc/arm-none-eabi/13.2.1/../../../../arm-none-eabi/lib/thumb/v7e-m+fp/hard/libc_nano.a(libc_a-init.o)
 .debug_frame   0x0000002c       0x20 /opt/gcc-arm-none-eabi/bin/../lib/gcc/arm-none-eabi/13.2.1/../../../../arm-none-eabi/lib/thumb/v7e-m+fp/hard/libc_nano.a(libc_a-memset.o)
 .debug_frame   0x0000004c      0x144 CMakeFiles/firmware_v1.0.0.dir/Core/Src/main.c.obj
 .debug_frame   0x00000190      0x1e4 CMakeFiles/firmware_v1.0.0.dir/Core/Src/stm32f3xx_it.c.obj
 .debug_frame   0x00000374       0xcc CMakeFiles/firmware_v1.0.0.dir/Core/Src/stm32f3xx_hal_msp.c.obj
 .debug_frame   0x00000440      0xc38 CMakeFiles/firmware_v1.0.0.dir/Drivers/STM32F3xx_HAL_Driver/Src/stm32f3xx_hal_i2c.c.obj
 .debug_frame   0x00001078      0x100 CMakeFiles/firmware_v1.0.0.dir/Drivers/STM32F3xx_HAL_Driver/Src/stm32f3xx_hal_i2c_ex.c.obj
 .debug_frame   0x00001178      0x334 CMakeFiles/firmware_v1.0.0.dir/Drivers/STM32F3xx_HAL_Driver/Src/stm32f3xx_hal.c.obj
 .debug_frame   0x000014ac      0x214 CMakeFiles/firmware_v1.0.0.dir/Drivers/STM32F3xx_HAL_Driver/Src/stm32f3xx_hal_rcc.c.obj
 .debug_frame   0x000016c0       0xb0 CMakeFiles/firmware_v1.0.0.dir/Drivers/STM32F3xx_HAL_Driver/Src/stm32f3xx_hal_rcc_ex.c.obj
 .debug_frame   0x00001770      0x14c CMakeFiles/firmware_v1.0.0.dir/Drivers/STM32F3xx_HAL_Driver/Src/stm32f3xx_hal_gpio.c.obj
 .debug_frame   0x000018bc      0x224 CMakeFiles/firmware_v1.0.0.dir/Drivers/STM32F3xx_HAL_Driver/Src/stm32f3xx_hal_dma.c.obj
 .debug_frame   0x00001ae0      0x4e8 CMakeFiles/firmware_v1.0.0.dir/Drivers/STM32F3xx_HAL_Driver/Src/stm32f3xx_hal_cortex.c.obj
 .debug_frame   0x00001fc8      0x9e8 CMakeFiles/firmware_v1.0.0.dir/Drivers/STM32F3xx_HAL_Driver/Src/stm32f3xx_hal_uart.c.obj
 .debug_frame   0x000029b0       0x58 CMakeFiles/firmware_v1.0.0.dir/Core/Src/system_stm32f3xx.c.obj

.debug_info     0x00000000     0xcc4e
 .debug_info    0x00000000     0x12be CMakeFiles/firmware_v1.0.0.dir/Core/Src/main.c.obj
 .debug_info    0x000012be      0x75e CMakeFiles/firmware_v1.0.0.dir/Core/Src/stm32f3xx_it.c.obj
 .debug_info    0x00001a1c      0xf9e CMakeFiles/firmware_v1.0.0.dir/Core/Src/stm32f3xx_hal_msp.c.obj
 .debug_info    0x000029ba     0x20c3 CMakeFiles/firmware_v1.0.0.dir/Drivers/STM32F3xx_HAL_Driver/Src/stm32f3xx_hal_i2c.c.obj
 .debug_info    0x00004a7d      0x818 CMakeFiles/firmware_v1.0.0.dir/Drivers/STM32F3xx_HAL_Driver/Src/stm32f3xx_hal_i2c_ex.c.obj
 .debug_info    0x00005295      0x7d4 CMakeFiles/firmware_v1.0.0.dir/Drivers/STM32F3xx_HAL_Driver/Src/stm32f3xx_hal.c.obj
 .debug_info    0x00005a69     0x148a CMakeFiles/firmware_v1.0.0.dir/Drivers/STM32F3xx_HAL_Driver/Src/stm32f3xx_hal_rcc.c.obj
 .debug_info    0x00006ef3      0x5b9 CMakeFiles/firmware_v1.0.0.dir/Drivers/STM32F3xx_HAL_Driver/Src/stm32f3xx_hal_rcc_ex.c.obj
 .debug_info    0x000074ac      0x5fe CMakeFiles/firmware_v1.0.0.dir/Drivers/STM32F3xx_HAL_Driver/Src/stm32f3xx_hal_gpio.c.obj
 .debug_info    0x00007aaa      0x6e1 CMakeFiles/firmware_v1.0.0.dir/Drivers/STM32F3xx_HAL_Driver/Src/stm32f3xx_hal_dma.c.obj
 .debug_info    0x0000818b      0xce4 CMakeFiles/firmware_v1.0.0.dir/Drivers/STM32F3xx_HAL_Driver/Src/stm32f3xx_hal_cortex.c.obj
 .debug_info    0x00008e6f     0x39a8 CMakeFiles/firmware_v1.0.0.dir/Drivers/STM32F3xx_HAL_Driver/Src/stm32f3xx_hal_uart.c.obj
 .debug_info    0x0000c817      0x407 CMakeFiles/firmware_v1.0.0.dir/Core/Src/system_stm32f3xx.c.obj
 .debug_info    0x0000cc1e       0x30 CMakeFiles/firmware_v1.0.0.dir/startup_stm32f303xc.s.obj

.debug_abbrev   0x00000000     0x1cc9
 .debug_abbrev  0x00000000      0x29a CMakeFiles/firmware_v1.0.0.dir/Core/Src/main.c.obj
 .debug_abbrev  0x0000029a      0x197 CMakeFiles/firmware_v1.0.0.dir/Core/Src/stm32f3xx_it.c.obj
 .debug_abbrev  0x00000431      0x23c CMakeFiles/firmware_v1.0.0.dir/Core/Src/stm32f3xx_hal_msp.c.obj
 .debug_abbrev  0x0000066d      0x260 CMakeFiles/firmware_v1.0.0.dir/Drivers/STM32F3xx_HAL_Driver/Src/stm32f3xx_hal_i2c.c.obj
 .debug_abbrev  0x000008cd      0x1c2 CMakeFiles/firmware_v1.0.0.dir/Drivers/STM32F3xx_HAL_Driver/Src/stm32f3xx_hal_i2c_ex.c.obj
 .debug_abbrev  0x00000a8f      0x215 CMakeFiles/firmware_v1.0.0.dir/Drivers/STM32F3xx_HAL_Driver/Src/stm32f3xx_hal.c.obj
 .debug_abbrev  0x00000ca4      0x300 CMakeFiles/firmware_v1.0.0.dir/Drivers/STM32F3xx_HAL_Driver/Src/stm32f3xx_hal_rcc.c.obj
 .debug_abbrev  0x00000fa4      0x221 CMakeFiles/firmware_v1.0.0.dir/Drivers/STM32F3xx_HAL_Driver/Src/stm32f3xx_hal_rcc_ex.c.obj
 .debug_abbrev  0x000011c5      0x1ca CMakeFiles/firmware_v1.0.0.dir/Drivers/STM32F3xx_HAL_Driver/Src/stm32f3xx_hal_gpio.c.obj
 .debug_abbrev  0x0000138f      0x20d CMakeFiles/firmware_v1.0.0.dir/Drivers/STM32F3xx_HAL_Driver/Src/stm32f3xx_hal_dma.c.obj
 .debug_abbrev  0x0000159c      0x31e CMakeFiles/firmware_v1.0.0.dir/Drivers/STM32F3xx_HAL_Driver/Src/stm32f3xx_hal_cortex.c.obj
 .debug_abbrev  0x000018ba      0x2d1 CMakeFiles/firmware_v1.0.0.dir/Drivers/STM32F3xx_HAL_Driver/Src/stm32f3xx_hal_uart.c.obj
 .debug_abbrev  0x00001b8b      0x11a CMakeFiles/firmware_v1.0.0.dir/Core/Src/system_stm32f3xx.c.obj
 .debug_abbrev  0x00001ca5       0x24 CMakeFiles/firmware_v1.0.0.dir/startup_stm32f303xc.s.obj

.debug_aranges  0x00000000      0xa50
 .debug_aranges
                0x00000000       0x68 CMakeFiles/firmware_v1.0.0.dir/Core/Src/main.c.obj
 .debug_aranges
                0x00000068       0xa0 CMakeFiles/firmware_v1.0.0.dir/Core/Src/stm32f3xx_it.c.obj
 .debug_aranges
                0x00000108       0x40 CMakeFiles/firmware_v1.0.0.dir/Core/Src/stm32f3xx_hal_msp.c.obj
 .debug_aranges
                0x00000148      0x2a0 CMakeFiles/firmware_v1.0.0.dir/Drivers/STM32F3xx_HAL_Driver/Src/stm32f3xx_hal_i2c.c.obj
 .debug_aranges
                0x000003e8       0x48 CMakeFiles/firmware_v1.0.0.dir/Drivers/STM32F3xx_HAL_Driver/Src/stm32f3xx_hal_i2c_ex.c.obj
 .debug_aranges
                0x00000430       0xe0 CMakeFiles/firmware_v1.0.0.dir/Drivers/STM32F3xx_HAL_Driver/Src/stm32f3xx_hal.c.obj
 .debug_aranges
                0x00000510       0x88 CMakeFiles/firmware_v1.0.0.dir/Drivers/STM32F3xx_HAL_Driver/Src/stm32f3xx_hal_rcc.c.obj
 .debug_aranges
                0x00000598       0x38 CMakeFiles/firmware_v1.0.0.dir/Drivers/STM32F3xx_HAL_Driver/Src/stm32f3xx_hal_rcc_ex.c.obj
 .debug_aranges
                0x000005d0       0x58 CMakeFiles/firmware_v1.0.0.dir/Drivers/STM32F3xx_HAL_Driver/Src/stm32f3xx_hal_gpio.c.obj
 .debug_aranges
                0x00000628       0x88 CMakeFiles/firmware_v1.0.0.dir/Drivers/STM32F3xx_HAL_Driver/Src/stm32f3xx_hal_dma.c.obj
 .debug_aranges
                0x000006b0      0x128 CMakeFiles/firmware_v1.0.0.dir/Drivers/STM32F3xx_HAL_Driver/Src/stm32f3xx_hal_cortex.c.obj
 .debug_aranges
                0x000007d8      0x228 CMakeFiles/firmware_v1.0.0.dir/Drivers/STM32F3xx_HAL_Driver/Src/stm32f3xx_hal_uart.c.obj
 .debug_aranges
                0x00000a00       0x28 CMakeFiles/firmware_v1.0.0.dir/Core/Src/system_stm32f3xx.c.obj
 .debug_aranges
                0x00000a28       0x28 CMakeFiles/firmware_v1.0.0.dir/startup_stm32f303xc.s.obj

.debug_rnglists
                0x00000000      0x80c
 .debug_rnglists
                0x00000000       0x4d CMakeFiles/firmware_v1.0.0.dir/Core/Src/main.c.obj
 .debug_rnglists
                0x0000004d       0x73 CMakeFiles/firmware_v1.0.0.dir/Core/Src/stm32f3xx_it.c.obj
 .debug_rnglists
                0x000000c0       0x2f CMakeFiles/firmware_v1.0.0.dir/Core/Src/stm32f3xx_hal_msp.c.obj
 .debug_rnglists
                0x000000ef      0x228 CMakeFiles/firmware_v1.0.0.dir/Drivers/STM32F3xx_HAL_Driver/Src/stm32f3xx_hal_i2c.c.obj
 .debug_rnglists
                0x00000317       0x35 CMakeFiles/firmware_v1.0.0.dir/Drivers/STM32F3xx_HAL_Driver/Src/stm32f3xx_hal_i2c_ex.c.obj
 .debug_rnglists
                0x0000034c       0xa3 CMakeFiles/firmware_v1.0.0.dir/Drivers/STM32F3xx_HAL_Driver/Src/stm32f3xx_hal.c.obj
 .debug_rnglists
                0x000003ef       0x66 CMakeFiles/firmware_v1.0.0.dir/Drivers/STM32F3xx_HAL_Driver/Src/stm32f3xx_hal_rcc.c.obj
 .debug_rnglists
                0x00000455       0x28 CMakeFiles/firmware_v1.0.0.dir/Drivers/STM32F3xx_HAL_Driver/Src/stm32f3xx_hal_rcc_ex.c.obj
 .debug_rnglists
                0x0000047d       0x3f CMakeFiles/firmware_v1.0.0.dir/Drivers/STM32F3xx_HAL_Driver/Src/stm32f3xx_hal_gpio.c.obj
 .debug_rnglists
                0x000004bc       0x69 CMakeFiles/firmware_v1.0.0.dir/Drivers/STM32F3xx_HAL_Driver/Src/stm32f3xx_hal_dma.c.obj
 .debug_rnglists
                0x00000525       0xda CMakeFiles/firmware_v1.0.0.dir/Drivers/STM32F3xx_HAL_Driver/Src/stm32f3xx_hal_cortex.c.obj
 .debug_rnglists
                0x000005ff      0x1da CMakeFiles/firmware_v1.0.0.dir/Drivers/STM32F3xx_HAL_Driver/Src/stm32f3xx_hal_uart.c.obj
 .debug_rnglists
                0x000007d9       0x1a CMakeFiles/firmware_v1.0.0.dir/Core/Src/system_stm32f3xx.c.obj
 .debug_rnglists
                0x000007f3       0x19 CMakeFiles/firmware_v1.0.0.dir/startup_stm32f303xc.s.obj

.debug_macro    0x00000000    0x1d4c4
 .debug_macro   0x00000000      0x307 CMakeFiles/firmware_v1.0.0.dir/Core/Src/main.c.obj
 .debug_macro   0x00000307      0xade CMakeFiles/firmware_v1.0.0.dir/Core/Src/main.c.obj
 .debug_macro   0x00000de5      0x151 CMakeFiles/firmware_v1.0.0.dir/Core/Src/main.c.obj
 .debug_macro   0x00000f36       0x2e CMakeFiles/firmware_v1.0.0.dir/Core/Src/main.c.obj
 .debug_macro   0x00000f64       0x28 CMakeFiles/firmware_v1.0.0.dir/Core/Src/main.c.obj
 .debug_macro   0x00000f8c       0x22 CMakeFiles/firmware_v1.0.0.dir/Core/Src/main.c.obj
 .debug_macro   0x00000fae       0x8e CMakeFiles/firmware_v1.0.0.dir/Core/Src/main.c.obj
 .debug_macro   0x0000103c       0x51 CMakeFiles/firmware_v1.0.0.dir/Core/Src/main.c.obj
 .debug_macro   0x0000108d      0x103 CMakeFiles/firmware_v1.0.0.dir/Core/Src/main.c.obj
 .debug_macro   0x00001190       0x6a CMakeFiles/firmware_v1.0.0.dir/Core/Src/main.c.obj
 .debug_macro   0x000011fa      0x1df CMakeFiles/firmware_v1.0.0.dir/Core/Src/main.c.obj
 .debug_macro   0x000013d9       0x1c CMakeFiles/firmware_v1.0.0.dir/Core/Src/main.c.obj
 .debug_macro   0x000013f5       0x22 CMakeFiles/firmware_v1.0.0.dir/Core/Src/main.c.obj
 .debug_macro   0x00001417       0xd9 CMakeFiles/firmware_v1.0.0.dir/Core/Src/main.c.obj
 .debug_macro   0x000014f0     0x102d CMakeFiles/firmware_v1.0.0.dir/Core/Src/main.c.obj
 .debug_macro   0x0000251d      0x11f CMakeFiles/firmware_v1.0.0.dir/Core/Src/main.c.obj
 .debug_macro   0x0000263c    0x12a3a CMakeFiles/firmware_v1.0.0.dir/Core/Src/main.c.obj
 .debug_macro   0x00015076       0x6d CMakeFiles/firmware_v1.0.0.dir/Core/Src/main.c.obj
 .debug_macro   0x000150e3     0x3574 CMakeFiles/firmware_v1.0.0.dir/Core/Src/main.c.obj
 .debug_macro   0x00018657      0x190 CMakeFiles/firmware_v1.0.0.dir/Core/Src/main.c.obj
 .debug_macro   0x000187e7       0x55 CMakeFiles/firmware_v1.0.0.dir/Core/Src/main.c.obj
 .debug_macro   0x0001883c      0x961 CMakeFiles/firmware_v1.0.0.dir/Core/Src/main.c.obj
 .debug_macro   0x0001919d      0x5fe CMakeFiles/firmware_v1.0.0.dir/Core/Src/main.c.obj
 .debug_macro   0x0001979b      0x1b5 CMakeFiles/firmware_v1.0.0.dir/Core/Src/main.c.obj
 .debug_macro   0x00019950      0x1fb CMakeFiles/firmware_v1.0.0.dir/Core/Src/main.c.obj
 .debug_macro   0x00019b4b      0x1dc CMakeFiles/firmware_v1.0.0.dir/Core/Src/main.c.obj
 .debug_macro   0x00019d27      0x1bc CMakeFiles/firmware_v1.0.0.dir/Core/Src/main.c.obj
 .debug_macro   0x00019ee3       0x30 CMakeFiles/firmware_v1.0.0.dir/Core/Src/main.c.obj
 .debug_macro   0x00019f13       0x3c CMakeFiles/firmware_v1.0.0.dir/Core/Src/main.c.obj
 .debug_macro   0x00019f4f      0x235 CMakeFiles/firmware_v1.0.0.dir/Core/Src/main.c.obj
 .debug_macro   0x0001a184       0xc5 CMakeFiles/firmware_v1.0.0.dir/Core/Src/main.c.obj
 .debug_macro   0x0001a249      0x21d CMakeFiles/firmware_v1.0.0.dir/Core/Src/main.c.obj
 .debug_macro   0x0001a466      0x22c CMakeFiles/firmware_v1.0.0.dir/Core/Src/main.c.obj
 .debug_macro   0x0001a692       0x5b CMakeFiles/firmware_v1.0.0.dir/Core/Src/main.c.obj
 .debug_macro   0x0001a6ed       0xa5 CMakeFiles/firmware_v1.0.0.dir/Core/Src/main.c.obj
 .debug_macro   0x0001a792       0x81 CMakeFiles/firmware_v1.0.0.dir/Core/Src/main.c.obj
 .debug_macro   0x0001a813       0xd3 CMakeFiles/firmware_v1.0.0.dir/Core/Src/main.c.obj
 .debug_macro   0x0001a8e6      0x5ba CMakeFiles/firmware_v1.0.0.dir/Core/Src/main.c.obj
 .debug_macro   0x0001aea0       0x3e CMakeFiles/firmware_v1.0.0.dir/Core/Src/main.c.obj
 .debug_macro   0x0001aede      0x275 CMakeFiles/firmware_v1.0.0.dir/Core/Src/main.c.obj
 .debug_macro   0x0001b153      0x184 CMakeFiles/firmware_v1.0.0.dir/Core/Src/main.c.obj
 .debug_macro   0x0001b2d7       0x7b CMakeFiles/firmware_v1.0.0.dir/Core/Src/main.c.obj
 .debug_macro   0x0001b352       0x2a CMakeFiles/firmware_v1.0.0.dir/Core/Src/main.c.obj
 .debug_macro   0x0001b37c       0x3c CMakeFiles/firmware_v1.0.0.dir/Core/Src/main.c.obj
 .debug_macro   0x0001b3b8       0x34 CMakeFiles/firmware_v1.0.0.dir/Core/Src/main.c.obj
 .debug_macro   0x0001b3ec      0x370 CMakeFiles/firmware_v1.0.0.dir/Core/Src/main.c.obj
 .debug_macro   0x0001b75c       0x16 CMakeFiles/firmware_v1.0.0.dir/Core/Src/main.c.obj
 .debug_macro   0x0001b772       0x4a CMakeFiles/firmware_v1.0.0.dir/Core/Src/main.c.obj
 .debug_macro   0x0001b7bc       0x34 CMakeFiles/firmware_v1.0.0.dir/Core/Src/main.c.obj
 .debug_macro   0x0001b7f0       0x10 CMakeFiles/firmware_v1.0.0.dir/Core/Src/main.c.obj
 .debug_macro   0x0001b800       0x58 CMakeFiles/firmware_v1.0.0.dir/Core/Src/main.c.obj
 .debug_macro   0x0001b858      0x1de CMakeFiles/firmware_v1.0.0.dir/Core/Src/main.c.obj
 .debug_macro   0x0001ba36       0x10 CMakeFiles/firmware_v1.0.0.dir/Core/Src/main.c.obj
 .debug_macro   0x0001ba46       0x3c CMakeFiles/firmware_v1.0.0.dir/Core/Src/main.c.obj
 .debug_macro   0x0001ba82       0x1c CMakeFiles/firmware_v1.0.0.dir/Core/Src/main.c.obj
 .debug_macro   0x0001ba9e       0x10 CMakeFiles/firmware_v1.0.0.dir/Core/Src/main.c.obj
 .debug_macro   0x0001baae       0x1c CMakeFiles/firmware_v1.0.0.dir/Core/Src/main.c.obj
 .debug_macro   0x0001baca       0x16 CMakeFiles/firmware_v1.0.0.dir/Core/Src/main.c.obj
 .debug_macro   0x0001bae0      0x170 CMakeFiles/firmware_v1.0.0.dir/Core/Src/main.c.obj
 .debug_macro   0x0001bc50      0x19b CMakeFiles/firmware_v1.0.0.dir/Core/Src/main.c.obj
 .debug_macro   0x0001bdeb       0x16 CMakeFiles/firmware_v1.0.0.dir/Core/Src/main.c.obj
 .debug_macro   0x0001be01       0x16 CMakeFiles/firmware_v1.0.0.dir/Core/Src/main.c.obj
 .debug_macro   0x0001be17       0x29 CMakeFiles/firmware_v1.0.0.dir/Core/Src/main.c.obj
 .debug_macro   0x0001be40      0x1dc CMakeFiles/firmware_v1.0.0.dir/Core/Src/stm32f3xx_it.c.obj
 .debug_macro   0x0001c01c      0x1d2 CMakeFiles/firmware_v1.0.0.dir/Core/Src/stm32f3xx_hal_msp.c.obj
 .debug_macro   0x0001c1ee      0x28f CMakeFiles/firmware_v1.0.0.dir/Drivers/STM32F3xx_HAL_Driver/Src/stm32f3xx_hal_i2c.c.obj
 .debug_macro   0x0001c47d      0x1c3 CMakeFiles/firmware_v1.0.0.dir/Drivers/STM32F3xx_HAL_Driver/Src/stm32f3xx_hal_i2c_ex.c.obj
 .debug_macro   0x0001c640      0x1e7 CMakeFiles/firmware_v1.0.0.dir/Drivers/STM32F3xx_HAL_Driver/Src/stm32f3xx_hal.c.obj
 .debug_macro   0x0001c827      0x1e7 CMakeFiles/firmware_v1.0.0.dir/Drivers/STM32F3xx_HAL_Driver/Src/stm32f3xx_hal_rcc.c.obj
 .debug_macro   0x0001ca0e      0x1c3 CMakeFiles/firmware_v1.0.0.dir/Drivers/STM32F3xx_HAL_Driver/Src/stm32f3xx_hal_rcc_ex.c.obj
 .debug_macro   0x0001cbd1      0x1ca CMakeFiles/firmware_v1.0.0.dir/Drivers/STM32F3xx_HAL_Driver/Src/stm32f3xx_hal_gpio.c.obj
 .debug_macro   0x0001cd9b      0x1c3 CMakeFiles/firmware_v1.0.0.dir/Drivers/STM32F3xx_HAL_Driver/Src/stm32f3xx_hal_dma.c.obj
 .debug_macro   0x0001cf5e      0x1c3 CMakeFiles/firmware_v1.0.0.dir/Drivers/STM32F3xx_HAL_Driver/Src/stm32f3xx_hal_cortex.c.obj
 .debug_macro   0x0001d121      0x1e0 CMakeFiles/firmware_v1.0.0.dir/Drivers/STM32F3xx_HAL_Driver/Src/stm32f3xx_hal_uart.c.obj
 .debug_macro   0x0001d301      0x1c3 CMakeFiles/firmware_v1.0.0.dir/Core/Src/system_stm32f3xx.c.obj

.debug_line     0x00000000     0xda0a
 .debug_line    0x00000000      0xa76 CMakeFiles/firmware_v1.0.0.dir/Core/Src/main.c.obj
 .debug_line    0x00000a76      0x7fc CMakeFiles/firmware_v1.0.0.dir/Core/Src/stm32f3xx_it.c.obj
 .debug_line    0x00001272      0x869 CMakeFiles/firmware_v1.0.0.dir/Core/Src/stm32f3xx_hal_msp.c.obj
 .debug_line    0x00001adb     0x3694 CMakeFiles/firmware_v1.0.0.dir/Drivers/STM32F3xx_HAL_Driver/Src/stm32f3xx_hal_i2c.c.obj
 .debug_line    0x0000516f      0x7f3 CMakeFiles/firmware_v1.0.0.dir/Drivers/STM32F3xx_HAL_Driver/Src/stm32f3xx_hal_i2c_ex.c.obj
 .debug_line    0x00005962      0x943 CMakeFiles/firmware_v1.0.0.dir/Drivers/STM32F3xx_HAL_Driver/Src/stm32f3xx_hal.c.obj
 .debug_line    0x000062a5     0x14a2 CMakeFiles/firmware_v1.0.0.dir/Drivers/STM32F3xx_HAL_Driver/Src/stm32f3xx_hal_rcc.c.obj
 .debug_line    0x00007747      0xcdf CMakeFiles/firmware_v1.0.0.dir/Drivers/STM32F3xx_HAL_Driver/Src/stm32f3xx_hal_rcc_ex.c.obj
 .debug_line    0x00008426      0xa8e CMakeFiles/firmware_v1.0.0.dir/Drivers/STM32F3xx_HAL_Driver/Src/stm32f3xx_hal_gpio.c.obj
 .debug_line    0x00008eb4      0xc31 CMakeFiles/firmware_v1.0.0.dir/Drivers/STM32F3xx_HAL_Driver/Src/stm32f3xx_hal_dma.c.obj
 .debug_line    0x00009ae5      0xc0e CMakeFiles/firmware_v1.0.0.dir/Drivers/STM32F3xx_HAL_Driver/Src/stm32f3xx_hal_cortex.c.obj
 .debug_line    0x0000a6f3     0x2b96 CMakeFiles/firmware_v1.0.0.dir/Drivers/STM32F3xx_HAL_Driver/Src/stm32f3xx_hal_uart.c.obj
 .debug_line    0x0000d289      0x707 CMakeFiles/firmware_v1.0.0.dir/Core/Src/system_stm32f3xx.c.obj
 .debug_line    0x0000d990       0x7a CMakeFiles/firmware_v1.0.0.dir/startup_stm32f303xc.s.obj

.debug_str      0x00000000    0xaf06d
 .debug_str     0x00000000    0xaf06d CMakeFiles/firmware_v1.0.0.dir/Core/Src/main.c.obj
                              0xacd81 (size before relaxing)
 .debug_str     0x000af06d    0xa88d8 CMakeFiles/firmware_v1.0.0.dir/Core/Src/stm32f3xx_it.c.obj
 .debug_str     0x000af06d    0xa8f42 CMakeFiles/firmware_v1.0.0.dir/Core/Src/stm32f3xx_hal_msp.c.obj
 .debug_str     0x000af06d    0xa8d9a CMakeFiles/firmware_v1.0.0.dir/Drivers/STM32F3xx_HAL_Driver/Src/stm32f3xx_hal_i2c.c.obj
 .debug_str     0x000af06d    0xa7f91 CMakeFiles/firmware_v1.0.0.dir/Drivers/STM32F3xx_HAL_Driver/Src/stm32f3xx_hal_i2c_ex.c.obj
 .debug_str     0x000af06d    0xa82d8 CMakeFiles/firmware_v1.0.0.dir/Drivers/STM32F3xx_HAL_Driver/Src/stm32f3xx_hal.c.obj
 .debug_str     0x000af06d    0xa7f3a CMakeFiles/firmware_v1.0.0.dir/Drivers/STM32F3xx_HAL_Driver/Src/stm32f3xx_hal_rcc.c.obj
 .debug_str     0x000af06d    0xa7cfe CMakeFiles/firmware_v1.0.0.dir/Drivers/STM32F3xx_HAL_Driver/Src/stm32f3xx_hal_rcc_ex.c.obj
 .debug_str     0x000af06d    0xa7c07 CMakeFiles/firmware_v1.0.0.dir/Drivers/STM32F3xx_HAL_Driver/Src/stm32f3xx_hal_gpio.c.obj
 .debug_str     0x000af06d    0xa7de2 CMakeFiles/firmware_v1.0.0.dir/Drivers/STM32F3xx_HAL_Driver/Src/stm32f3xx_hal_dma.c.obj
 .debug_str     0x000af06d    0xa835c CMakeFiles/firmware_v1.0.0.dir/Drivers/STM32F3xx_HAL_Driver/Src/stm32f3xx_hal_cortex.c.obj
 .debug_str     0x000af06d    0xa87bd CMakeFiles/firmware_v1.0.0.dir/Drivers/STM32F3xx_HAL_Driver/Src/stm32f3xx_hal_uart.c.obj
 .debug_str     0x000af06d    0xa7a9a CMakeFiles/firmware_v1.0.0.dir/Core/Src/system_stm32f3xx.c.obj
 .debug_str     0x000af06d       0xac CMakeFiles/firmware_v1.0.0.dir/startup_stm32f303xc.s.obj

.comment        0x00000000       0x44
 .comment       0x00000000       0x44 CMakeFiles/firmware_v1.0.0.dir/Core/Src/main.c.obj
                                 0x45 (size before relaxing)
 .comment       0x00000044       0x45 CMakeFiles/firmware_v1.0.0.dir/Core/Src/stm32f3xx_it.c.obj
 .comment       0x00000044       0x45 CMakeFiles/firmware_v1.0.0.dir/Core/Src/stm32f3xx_hal_msp.c.obj
 .comment       0x00000044       0x45 CMakeFiles/firmware_v1.0.0.dir/Drivers/STM32F3xx_HAL_Driver/Src/stm32f3xx_hal_i2c.c.obj
 .comment       0x00000044       0x45 CMakeFiles/firmware_v1.0.0.dir/Drivers/STM32F3xx_HAL_Driver/Src/stm32f3xx_hal_i2c_ex.c.obj
 .comment       0x00000044       0x45 CMakeFiles/firmware_v1.0.0.dir/Drivers/STM32F3xx_HAL_Driver/Src/stm32f3xx_hal.c.obj
 .comment       0x00000044       0x45 CMakeFiles/firmware_v1.0.0.dir/Drivers/STM32F3xx_HAL_Driver/Src/stm32f3xx_hal_rcc.c.obj
 .comment       0x00000044       0x45 CMakeFiles/firmware_v1.0.0.dir/Drivers/STM32F3xx_HAL_Driver/Src/stm32f3xx_hal_rcc_ex.c.obj
 .comment       0x00000044       0x45 CMakeFiles/firmware_v1.0.0.dir/Drivers/STM32F3xx_HAL_Driver/Src/stm32f3xx_hal_gpio.c.obj
 .comment       0x00000044       0x45 CMakeFiles/firmware_v1.0.0.dir/Drivers/STM32F3xx_HAL_Driver/Src/stm32f3xx_hal_dma.c.obj
 .comment       0x00000044       0x45 CMakeFiles/firmware_v1.0.0.dir/Drivers/STM32F3xx_HAL_Driver/Src/stm32f3xx_hal_cortex.c.obj
 .comment       0x00000044       0x45 CMakeFiles/firmware_v1.0.0.dir/Drivers/STM32F3xx_HAL_Driver/Src/stm32f3xx_hal_uart.c.obj
 .comment       0x00000044       0x45 CMakeFiles/firmware_v1.0.0.dir/Core/Src/system_stm32f3xx.c.obj

.debug_line_str
                0x00000000       0x53
 .debug_line_str
                0x00000000       0x53 CMakeFiles/firmware_v1.0.0.dir/startup_stm32f303xc.s.obj
                                 0x90 (size before relaxing)
