Archive member included to satisfy reference by file (symbol)

/opt/gcc-arm-none-eabi/bin/../lib/gcc/arm-none-eabi/13.2.1/../../../../arm-none-eabi/lib/thumb/v7e-m+fp/hard/libc_nano.a(libc_a-exit.o)
                              /opt/gcc-arm-none-eabi/bin/../lib/gcc/arm-none-eabi/13.2.1/../../../../arm-none-eabi/lib/thumb/v7e-m+fp/hard/crt0.o (exit)
/opt/gcc-arm-none-eabi/bin/../lib/gcc/arm-none-eabi/13.2.1/../../../../arm-none-eabi/lib/thumb/v7e-m+fp/hard/libc_nano.a(libc_a-init.o)
                              /opt/gcc-arm-none-eabi/bin/../lib/gcc/arm-none-eabi/13.2.1/../../../../arm-none-eabi/lib/thumb/v7e-m+fp/hard/crt0.o (__libc_init_array)
/opt/gcc-arm-none-eabi/bin/../lib/gcc/arm-none-eabi/13.2.1/../../../../arm-none-eabi/lib/thumb/v7e-m+fp/hard/libc_nano.a(libc_a-findfp.o)
                              /opt/gcc-arm-none-eabi/bin/../lib/gcc/arm-none-eabi/13.2.1/../../../../arm-none-eabi/lib/thumb/v7e-m+fp/hard/libc_nano.a(libc_a-exit.o) (__stdio_exit_handler)
/opt/gcc-arm-none-eabi/bin/../lib/gcc/arm-none-eabi/13.2.1/../../../../arm-none-eabi/lib/thumb/v7e-m+fp/hard/libc_nano.a(libc_a-stdio.o)
                              /opt/gcc-arm-none-eabi/bin/../lib/gcc/arm-none-eabi/13.2.1/../../../../arm-none-eabi/lib/thumb/v7e-m+fp/hard/libc_nano.a(libc_a-findfp.o) (__sread)
/opt/gcc-arm-none-eabi/bin/../lib/gcc/arm-none-eabi/13.2.1/../../../../arm-none-eabi/lib/thumb/v7e-m+fp/hard/libc_nano.a(libc_a-readr.o)
                              /opt/gcc-arm-none-eabi/bin/../lib/gcc/arm-none-eabi/13.2.1/../../../../arm-none-eabi/lib/thumb/v7e-m+fp/hard/libc_nano.a(libc_a-stdio.o) (_read_r)
/opt/gcc-arm-none-eabi/bin/../lib/gcc/arm-none-eabi/13.2.1/../../../../arm-none-eabi/lib/thumb/v7e-m+fp/hard/libc_nano.a(libc_a-writer.o)
                              /opt/gcc-arm-none-eabi/bin/../lib/gcc/arm-none-eabi/13.2.1/../../../../arm-none-eabi/lib/thumb/v7e-m+fp/hard/libc_nano.a(libc_a-stdio.o) (_write_r)
/opt/gcc-arm-none-eabi/bin/../lib/gcc/arm-none-eabi/13.2.1/../../../../arm-none-eabi/lib/thumb/v7e-m+fp/hard/libc_nano.a(libc_a-fwalk.o)
                              /opt/gcc-arm-none-eabi/bin/../lib/gcc/arm-none-eabi/13.2.1/../../../../arm-none-eabi/lib/thumb/v7e-m+fp/hard/libc_nano.a(libc_a-findfp.o) (_fwalk_sglue)
/opt/gcc-arm-none-eabi/bin/../lib/gcc/arm-none-eabi/13.2.1/../../../../arm-none-eabi/lib/thumb/v7e-m+fp/hard/libc_nano.a(libc_a-memset.o)
                              /opt/gcc-arm-none-eabi/bin/../lib/gcc/arm-none-eabi/13.2.1/../../../../arm-none-eabi/lib/thumb/v7e-m+fp/hard/crt0.o (memset)
/opt/gcc-arm-none-eabi/bin/../lib/gcc/arm-none-eabi/13.2.1/../../../../arm-none-eabi/lib/thumb/v7e-m+fp/hard/libc_nano.a(libc_a-lock.o)
                              /opt/gcc-arm-none-eabi/bin/../lib/gcc/arm-none-eabi/13.2.1/../../../../arm-none-eabi/lib/thumb/v7e-m+fp/hard/libc_nano.a(libc_a-findfp.o) (__retarget_lock_init_recursive)
/opt/gcc-arm-none-eabi/bin/../lib/gcc/arm-none-eabi/13.2.1/../../../../arm-none-eabi/lib/thumb/v7e-m+fp/hard/libc_nano.a(libc_a-closer.o)
                              /opt/gcc-arm-none-eabi/bin/../lib/gcc/arm-none-eabi/13.2.1/../../../../arm-none-eabi/lib/thumb/v7e-m+fp/hard/libc_nano.a(libc_a-stdio.o) (_close_r)
/opt/gcc-arm-none-eabi/bin/../lib/gcc/arm-none-eabi/13.2.1/../../../../arm-none-eabi/lib/thumb/v7e-m+fp/hard/libc_nano.a(libc_a-reent.o)
                              /opt/gcc-arm-none-eabi/bin/../lib/gcc/arm-none-eabi/13.2.1/../../../../arm-none-eabi/lib/thumb/v7e-m+fp/hard/libc_nano.a(libc_a-readr.o) (errno)
/opt/gcc-arm-none-eabi/bin/../lib/gcc/arm-none-eabi/13.2.1/../../../../arm-none-eabi/lib/thumb/v7e-m+fp/hard/libc_nano.a(libc_a-impure.o)
                              /opt/gcc-arm-none-eabi/bin/../lib/gcc/arm-none-eabi/13.2.1/../../../../arm-none-eabi/lib/thumb/v7e-m+fp/hard/libc_nano.a(libc_a-reent.o) (_impure_ptr)
/opt/gcc-arm-none-eabi/bin/../lib/gcc/arm-none-eabi/13.2.1/../../../../arm-none-eabi/lib/thumb/v7e-m+fp/hard/libc_nano.a(libc_a-fflush.o)
                              /opt/gcc-arm-none-eabi/bin/../lib/gcc/arm-none-eabi/13.2.1/../../../../arm-none-eabi/lib/thumb/v7e-m+fp/hard/libc_nano.a(libc_a-findfp.o) (_fflush_r)
/opt/gcc-arm-none-eabi/bin/../lib/gcc/arm-none-eabi/13.2.1/../../../../arm-none-eabi/lib/thumb/v7e-m+fp/hard/libc_nano.a(libc_a-mallocr.o)
                              /opt/gcc-arm-none-eabi/bin/../lib/gcc/arm-none-eabi/13.2.1/../../../../arm-none-eabi/lib/thumb/v7e-m+fp/hard/libc_nano.a(libc_a-findfp.o) (_malloc_r)
/opt/gcc-arm-none-eabi/bin/../lib/gcc/arm-none-eabi/13.2.1/../../../../arm-none-eabi/lib/thumb/v7e-m+fp/hard/libc_nano.a(libc_a-lseekr.o)
                              /opt/gcc-arm-none-eabi/bin/../lib/gcc/arm-none-eabi/13.2.1/../../../../arm-none-eabi/lib/thumb/v7e-m+fp/hard/libc_nano.a(libc_a-stdio.o) (_lseek_r)
/opt/gcc-arm-none-eabi/bin/../lib/gcc/arm-none-eabi/13.2.1/../../../../arm-none-eabi/lib/thumb/v7e-m+fp/hard/libc_nano.a(libc_a-mlock.o)
[...]
Memory Configuration

Name             Origin             Length             Attributes
CCMRAM           0x10000000         0x00002000         xrw
RAM              0x20000000         0x0000a000         xrw
FLASH            0x08000000         0x00040000         xr
*default*        0x00000000         0xffffffff

Linker script and memory map

LOAD /opt/gcc-arm-none-eabi/bin/../lib/gcc/arm-none-eabi/13.2.1/thumb/v7e-m+fp/hard/crti.o
LOAD /opt/gcc-arm-none-eabi/bin/../lib/gcc/arm-none-eabi/13.2.1/thumb/v7e-m+fp/hard/crtbegin.o
LOAD /opt/gcc-arm-none-eabi/bin/../lib/gcc/arm-none-eabi/13.2.1/../../../../arm-none-eabi/lib/thumb/v7e-m+fp/hard/crt0.o
START GROUP
LOAD /opt/gcc-arm-none-eabi/bin/../lib/gcc/arm-none-eabi/13.2.1/../../../../arm-none-eabi/lib/thumb/v7e-m+fp/hard/libc_nano.a
LOAD /opt/gcc-arm-none-eabi/bin/../lib/gcc/arm-none-eabi/13.2.1/../../../../arm-none-eabi/lib/thumb/v7e-m+fp/hard/libm.a
END GROUP
LOAD CMakeFiles/firmware_v1.0.0.dir/Core/Src/main.c.obj
LOAD CMakeFiles/firmware_v1.0.0.dir/Core/Src/stm32f3xx_it.c.obj
LOAD CMakeFiles/firmware_v1.0.0.dir/Core/Src/stm32f3xx_hal_msp.c.obj
LOAD CMakeFiles/firmware_v1.0.0.dir/Drivers/STM32F3xx_HAL_Driver/Src/stm32f3xx_hal_tim.c.obj
LOAD CMakeFiles/firmware_v1.0.0.dir/Drivers/STM32F3xx_HAL_Driver/Src/stm32f3xx_hal_tim_ex.c.obj
LOAD CMakeFiles/firmware_v1.0.0.dir/Drivers/STM32F3xx_HAL_Driver/Src/stm32f3xx_hal.c.obj
LOAD CMakeFiles/firmware_v1.0.0.dir/Drivers/STM32F3xx_HAL_Driver/Src/stm32f3xx_hal_rcc.c.obj
LOAD CMakeFiles/firmware_v1.0.0.dir/Drivers/STM32F3xx_HAL_Driver/Src/stm32f3xx_hal_rcc_ex.c.obj
LOAD CMakeFiles/firmware_v1.0.0.dir/Drivers/STM32F3xx_HAL_Driver/Src/stm32f3xx_hal_gpio.c.obj
LOAD CMakeFiles/firmware_v1.0.0.dir/Drivers/STM32F3xx_HAL_Driver/Src/stm32f3xx_hal_dma.c.obj
LOAD CMakeFiles/firmware_v1.0.0.dir/Drivers/STM32F3xx_HAL_Driver/Src/stm32f3xx_hal_cortex.c.obj
LOAD CMakeFiles/firmware_v1.0.0.dir/Drivers/STM32F3xx_HAL_Driver/Src/stm32f3xx_hal_pwr.c.obj
LOAD CMakeFiles/firmware_v1.0.0.dir/Drivers/STM32F3xx_HAL_Driver/Src/stm32f3xx_hal_pwr_ex.c.obj
LOAD CMakeFiles/firmware_v1.0.0.dir/Drivers/STM32F3xx_HAL_Driver/Src/stm32f3xx_hal_flash.c.obj
LOAD CMakeFiles/firmware_v1.0.0.dir/Drivers/STM32F3xx_HAL_Driver/Src/stm32f3xx_hal_flash_ex.c.obj
LOAD CMakeFiles/firmware_v1.0.0.dir/Drivers/STM32F3xx_HAL_Driver/Src/stm32f3xx_hal_i2c.c.obj
LOAD CMakeFiles/firmware_v1.0.0.dir/Drivers/STM32F3xx_HAL_Driver/Src/stm32f3xx_hal_i2c_ex.c.obj
LOAD CMakeFiles/firmware_v1.0.0.dir/Drivers/STM32F3xx_HAL_Driver/Src/stm32f3xx_hal_exti.c.obj
LOAD CMakeFiles/firmware_v1.0.0.dir/Core/Src/system_stm32f3xx.c.obj
LOAD CMakeFiles/firmware_v1.0.0.dir/Core/Src/sysmem.c.obj
LOAD CMakeFiles/firmware_v1.0.0.dir/Core/Src/syscalls.c.obj
LOAD CMakeFiles/firmware_v1.0.0.dir/startup_stm32f303xc.s.obj
START GROUP
LOAD /opt/gcc-arm-none-eabi/bin/../lib/gcc/arm-none-eabi/13.2.1/thumb/v7e-m+fp/hard/libgcc.a
LOAD /opt/gcc-arm-none-eabi/bin/../lib/gcc/arm-none-eabi/13.2.1/../../../../arm-none-eabi/lib/thumb/v7e-m+fp/hard/libg_nano.a
LOAD /opt/gcc-arm-none-eabi/bin/../lib/gcc/arm-none-eabi/13.2.1/../../../../arm-none-eabi/lib/thumb/v7e-m+fp/hard/libc_nano.a
END GROUP
START GROUP
LOAD /opt/gcc-arm-none-eabi/bin/../lib/gcc/arm-none-eabi/13.2.1/thumb/v7e-m+fp/hard/libgcc.a
LOAD /opt/gcc-arm-none-eabi/bin/../lib/gcc/arm-none-eabi/13.2.1/../../../../arm-none-eabi/lib/thumb/v7e-m+fp/hard/libc_nano.a
END GROUP
LOAD /opt/gcc-arm-none-eabi/bin/../lib/gcc/arm-none-eabi/13.2.1/thumb/v7e-m+fp/hard/crtend.o
LOAD /opt/gcc-arm-none-eabi/bin/../lib/gcc/arm-none-eabi/13.2.1/thumb/v7e-m+fp/hard/crtn.o
                0x2000a000                        _estack = (ORIGIN (RAM) + LENGTH (RAM))
                0x00000200                        _Min_Heap_Size = 0x200
                0x00000400                        _Min_Stack_Size = 0x400

.isr_vector     0x08000000      0x188
                0x08000000                        . = ALIGN (0x4)
 *(.isr_vector)
 .isr_vector    0x08000000      0x188 CMakeFiles/firmware_v1.0.0.dir/startup_stm32f303xc.s.obj
                0x08000000                g_pfnVectors
                0x08000188                        . = ALIGN (0x4)

.text           0x08000190     0x4014
                0x08000190                        . = ALIGN (0x4)
 *(.text)
 .text          0x08000190      0x378 /opt/gcc-arm-none-eabi/bin/../lib/gcc/arm-none-eabi/13.2.1/thumb/v7e-m+fp/hard/libgcc.a(_arm_addsubdf3.o)
                0x08000190                __aeabi_drsub
                0x08000198                __aeabi_dsub
                0x08000198                __subdf3
                0x0800019c                __adddf3
                0x0800019c                __aeabi_dadd
                0x08000414                __aeabi_ui2d
                0x08000414                __floatunsidf
                0x08000434                __floatsidf
                0x08000434                __aeabi_i2d
                0x08000458                __extendsfdf2
                0x08000458                __aeabi_f2d
                0x0800049c                __aeabi_ul2d
                0x0800049c                __floatundidf
                0x080004ac                __floatdidf
                0x080004ac                __aeabi_l2d
 .text          0x08000508      0x424 /opt/gcc-arm-none-eabi/bin/../lib/gcc/arm-none-eabi/13.2.1/thumb/v7e-m+fp/hard/libgcc.a(_arm_muldivdf3.o)
                0x08000508                __aeabi_dmul
                0x08000508                __muldf3
                0x0800075c                __aeabi_ddiv
                0x0800075c                __divdf3
 .text          0x0800092c       0xa0 /opt/gcc-arm-none-eabi/bin/../lib/gcc/arm-none-eabi/13.2.1/thumb/v7e-m+fp/hard/libgcc.a(_arm_truncdfsf2.o)
                0x0800092c                __aeabi_d2f
                0x0800092c                __truncdfsf2
 .text          0x080009cc       0x10 /opt/gcc-arm-none-eabi/bin/../lib/gcc/arm-none-eabi/13.2.1/../../../../arm-none-eabi/lib/thumb/v7e-m+fp/hard/libg_nano.a(libc_a-strlen.o)
                0x080009cc                strlen
 *fill*         0x080009dc        0x4 
 .text          0x080009e0       0xa0 /opt/gcc-arm-none-eabi/bin/../lib/gcc/arm-none-eabi/13.2.1/../../../../arm-none-eabi/lib/thumb/v7e-m+fp/hard/libg_nano.a(libc_a-memchr.o)
                0x080009e0                memchr
 *(.text*)
 .text.deregister_tm_clones
                0x08000a80       0x1c /opt/gcc-arm-none-eabi/bin/../lib/gcc/arm-none-eabi/13.2.1/thumb/v7e-m+fp/hard/crtbegin.o
 .text.register_tm_clones
                0x08000a9c       0x24 /opt/gcc-arm-none-eabi/bin/../lib/gcc/arm-none-eabi/13.2.1/thumb/v7e-m+fp/hard/crtbegin.o
 .text.__do_global_dtors_aux
                0x08000ac0       0x28 /opt/gcc-arm-none-eabi/bin/../lib/gcc/arm-none-eabi/13.2.1/thumb/v7e-m+fp/hard/crtbegin.o
 .text.frame_dummy
                0x08000ae8       0x24 /opt/gcc-arm-none-eabi/bin/../lib/gcc/arm-none-eabi/13.2.1/thumb/v7e-m+fp/hard/crtbegin.o
 .text.__libc_init_array
                0x08000b0c       0x48 /opt/gcc-arm-none-eabi/bin/../lib/gcc/arm-none-eabi/13.2.1/../../../../arm-none-eabi/lib/thumb/v7e-m+fp/hard/libc_nano.a(libc_a-init.o)
                0x08000b0c                __libc_init_array
 .text.memset   0x08000b54       0x10 /opt/gcc-arm-none-eabi/bin/../lib/gcc/arm-none-eabi/13.2.1/../../../../arm-none-eabi/lib/thumb/v7e-m+fp/hard/libc_nano.a(libc_a-memset.o)
                0x08000b54                memset
 .text.__retarget_lock_acquire_recursive
                0x08000b64        0x2 /opt/gcc-arm-none-eabi/bin/../lib/gcc/arm-none-eabi/13.2.1/../../../../arm-none-eabi/lib/thumb/v7e-m+fp/hard/libc_nano.a(libc_a-lock.o)
                0x08000b64                __retarget_lock_acquire_recursive
 .text.__retarget_lock_release_recursive
                0x08000b66        0x2 /opt/gcc-arm-none-eabi/bin/../lib/gcc/arm-none-eabi/13.2.1/../../../../arm-none-eabi/lib/thumb/v7e-m+fp/hard/libc_nano.a(libc_a-lock.o)
                0x08000b66                __retarget_lock_release_recursive
 .text.sbrk_aligned
                0x08000b68       0x44 /opt/gcc-arm-none-eabi/bin/../lib/gcc/arm-none-eabi/13.2.1/../../../../arm-none-eabi/lib/thumb/v7e-m+fp/hard/libc_nano.a(libc_a-mallocr.o)
 .text._malloc_r
                0x08000bac      0x100 /opt/gcc-arm-none-eabi/bin/../lib/gcc/arm-none-eabi/13.2.1/../../../../arm-none-eabi/lib/thumb/v7e-m+fp/hard/libc_nano.a(libc_a-mallocr.o)
                0x08000bac                _malloc_r
 .text.__malloc_lock
                0x08000cac        0xc /opt/gcc-arm-none-eabi/bin/../lib/gcc/arm-none-eabi/13.2.1/../../../../arm-none-eabi/lib/thumb/v7e-m+fp/hard/libc_nano.a(libc_a-mlock.o)
                0x08000cac                __malloc_lock
 .text.__malloc_unlock
                0x08000cb8        0xc /opt/gcc-arm-none-eabi/bin/../lib/gcc/arm-none-eabi/13.2.1/../../../../arm-none-eabi/lib/thumb/v7e-m+fp/hard/libc_nano.a(libc_a-mlock.o)
                0x08000cb8                __malloc_unlock
 .text._sbrk_r  0x08000cc4       0x20 /opt/gcc-arm-none-eabi/bin/../lib/gcc/arm-none-eabi/13.2.1/../../../../arm-none-eabi/lib/thumb/v7e-m+fp/hard/libc_nano.a(libc_a-sbrkr.o)
                0x08000cc4                _sbrk_r
 .text._free_r  0x08000ce4       0x94 /opt/gcc-arm-none-eabi/bin/../lib/gcc/arm-none-eabi/13.2.1/../../../../arm-none-eabi/lib/thumb/v7e-m+fp/hard/libc_nano.a(libc_a-freer.o)
                0x08000ce4                _free_r
 .text.main     0x08000d78       0x90 CMakeFiles/firmware_v1.0.0.dir/Core/Src/main.c.obj
                0x08000d78                main
 .text.readBMP180CalibrationData
                0x08000e08      0x13c CMakeFiles/firmware_v1.0.0.dir/Core/Src/main.c.obj
                0x08000e08                readBMP180CalibrationData
 .text.readRawTemperature
                0x08000f44       0x58 CMakeFiles/firmware_v1.0.0.dir/Core/Src/main.c.obj
                0x08000f44                readRawTemperature
 .text.readRawPressure
                0x08000f9c       0x60 CMakeFiles/firmware_v1.0.0.dir/Core/Src/main.c.obj
                0x08000f9c                readRawPressure
 .text.calculateTemperature
                0x08000ffc       0x88 CMakeFiles/firmware_v1.0.0.dir/Core/Src/main.c.obj
                0x08000ffc                calculateTemperature
 .text.calculatePressure
                0x08001084      0x188 CMakeFiles/firmware_v1.0.0.dir/Core/Src/main.c.obj
                0x08001084                calculatePressure
 .text.SystemClock_Config
                0x0800120c       0x76 CMakeFiles/firmware_v1.0.0.dir/Core/Src/main.c.obj
                0x0800120c                SystemClock_Config
 *fill*         0x08001282        0x2 
 .text.MX_GPIO_Init
                0x08001284      0x2f4 CMakeFiles/firmware_v1.0.0.dir/Core/Src/main.c.obj
 .text.Error_Handler
                0x08001578        0xc CMakeFiles/firmware_v1.0.0.dir/Core/Src/main.c.obj
                0x08001578                Error_Handler
 .text.NMI_Handler
                0x08001584        0x8 CMakeFiles/firmware_v1.0.0.dir/Core/Src/stm32f3xx_it.c.obj
                0x08001584                NMI_Handler
 .text.HardFault_Handler
                0x0800158c        0x8 CMakeFiles/firmware_v1.0.0.dir/Core/Src/stm32f3xx_it.c.obj
                0x0800158c                HardFault_Handler
 .text.MemManage_Handler
                0x08001594        0x8 CMakeFiles/firmware_v1.0.0.dir/Core/Src/stm32f3xx_it.c.obj
                0x08001594                MemManage_Handler
 .text.BusFault_Handler
                0x0800159c        0x8 CMakeFiles/firmware_v1.0.0.dir/Core/Src/stm32f3xx_it.c.obj
                0x0800159c                BusFault_Handler
 .text.UsageFault_Handler
                0x080015a4        0x8 CMakeFiles/firmware_v1.0.0.dir/Core/Src/stm32f3xx_it.c.obj
                0x080015a4                UsageFault_Handler
 .text.SVC_Handler
                0x080015ac        0xe CMakeFiles/firmware_v1.0.0.dir/Core/Src/stm32f3xx_it.c.obj
                0x080015ac                SVC_Handler
 .text.DebugMon_Handler
                0x080015ba        0xe CMakeFiles/firmware_v1.0.0.dir/Core/Src/stm32f3xx_it.c.obj
                0x080015ba                DebugMon_Handler
 .text.PendSV_Handler
                0x080015c8        0xe CMakeFiles/firmware_v1.0.0.dir/Core/Src/stm32f3xx_it.c.obj
                0x080015c8                PendSV_Handler
 .text.SysTick_Handler
                0x080015d6        0xc CMakeFiles/firmware_v1.0.0.dir/Core/Src/stm32f3xx_it.c.obj
                0x080015d6                SysTick_Handler
 *fill*         0x080015e2        0x2 
 .text.HAL_MspInit
                0x080015e4       0x48 CMakeFiles/firmware_v1.0.0.dir/Core/Src/stm32f3xx_hal_msp.c.obj
                0x080015e4                HAL_MspInit
 .text.HAL_Init
                0x0800162c       0x2c CMakeFiles/firmware_v1.0.0.dir/Drivers/STM32F3xx_HAL_Driver/Src/stm32f3xx_hal.c.obj
                0x0800162c                HAL_Init
 .text.HAL_InitTick
                0x08001658       0x60 CMakeFiles/firmware_v1.0.0.dir/Drivers/STM32F3xx_HAL_Driver/Src/stm32f3xx_hal.c.obj
                0x08001658                HAL_InitTick
 .text.HAL_IncTick
                0x080016b8       0x28 CMakeFiles/firmware_v1.0.0.dir/Drivers/STM32F3xx_HAL_Driver/Src/stm32f3xx_hal.c.obj
                0x080016b8                HAL_IncTick
 .text.HAL_GetTick
                0x080016e0       0x18 CMakeFiles/firmware_v1.0.0.dir/Drivers/STM32F3xx_HAL_Driver/Src/stm32f3xx_hal.c.obj
                0x080016e0                HAL_GetTick
 .text.HAL_Delay
                0x080016f8       0x48 CMakeFiles/firmware_v1.0.0.dir/Drivers/STM32F3xx_HAL_Driver/Src/stm32f3xx_hal.c.obj
                0x080016f8                HAL_Delay
 .text.HAL_RCC_OscConfig
                0x08001740     0x101c CMakeFiles/firmware_v1.0.0.dir/Drivers/STM32F3xx_HAL_Driver/Src/stm32f3xx_hal_rcc.c.obj
                0x08001740                HAL_RCC_OscConfig
 .text.HAL_RCC_ClockConfig
                0x0800275c      0x2dc CMakeFiles/firmware_v1.0.0.dir/Drivers/STM32F3xx_HAL_Driver/Src/stm32f3xx_hal_rcc.c.obj
                0x0800275c                HAL_RCC_ClockConfig
 .text.HAL_RCC_GetSysClockFreq
                0x08002a38       0xa8 CMakeFiles/firmware_v1.0.0.dir/Drivers/STM32F3xx_HAL_Driver/Src/stm32f3xx_hal_rcc.c.obj
                0x08002a38                HAL_RCC_GetSysClockFreq
 .text.HAL_GPIO_Init
                0x08002ae0      0x2f4 CMakeFiles/firmware_v1.0.0.dir/Drivers/STM32F3xx_HAL_Driver/Src/stm32f3xx_hal_gpio.c.obj
                0x08002ae0                HAL_GPIO_Init
 .text.HAL_GPIO_WritePin
                0x08002dd4       0x30 CMakeFiles/firmware_v1.0.0.dir/Drivers/STM32F3xx_HAL_Driver/Src/stm32f3xx_hal_gpio.c.obj
                0x08002dd4                HAL_GPIO_WritePin
 .text.__NVIC_SetPriorityGrouping
                0x08002e04       0x48 CMakeFiles/firmware_v1.0.0.dir/Drivers/STM32F3xx_HAL_Driver/Src/stm32f3xx_hal_cortex.c.obj
 .text.__NVIC_GetPriorityGrouping
                0x08002e4c       0x1c CMakeFiles/firmware_v1.0.0.dir/Drivers/STM32F3xx_HAL_Driver/Src/stm32f3xx_hal_cortex.c.obj
 .text.__NVIC_SetPriority
                0x08002e68       0x54 CMakeFiles/firmware_v1.0.0.dir/Drivers/STM32F3xx_HAL_Driver/Src/stm32f3xx_hal_cortex.c.obj
 .text.NVIC_EncodePriority
                0x08002ebc       0x66 CMakeFiles/firmware_v1.0.0.dir/Drivers/STM32F3xx_HAL_Driver/Src/stm32f3xx_hal_cortex.c.obj
 *fill*         0x08002f22        0x2 
 .text.SysTick_Config
                0x08002f24       0x44 CMakeFiles/firmware_v1.0.0.dir/Drivers/STM32F3xx_HAL_Driver/Src/stm32f3xx_hal_cortex.c.obj
 .text.HAL_NVIC_SetPriorityGrouping
                0x08002f68       0x16 CMakeFiles/firmware_v1.0.0.dir/Drivers/STM32F3xx_HAL_Driver/Src/stm32f3xx_hal_cortex.c.obj
                0x08002f68                HAL_NVIC_SetPriorityGrouping
 .text.HAL_NVIC_SetPriority
                0x08002f7e       0x38 CMakeFiles/firmware_v1.0.0.dir/Drivers/STM32F3xx_HAL_Driver/Src/stm32f3xx_hal_cortex.c.obj
                0x08002f7e                HAL_NVIC_SetPriority
 .text.HAL_SYSTICK_Config
                0x08002fb6       0x18 CMakeFiles/firmware_v1.0.0.dir/Drivers/STM32F3xx_HAL_Driver/Src/stm32f3xx_hal_cortex.c.obj
                0x08002fb6                HAL_SYSTICK_Config
 *fill*         0x08002fce        0x2 
 .text.HAL_I2C_Mem_Write
                0x08002fd0      0x228 CMakeFiles/firmware_v1.0.0.dir/Drivers/STM32F3xx_HAL_Driver/Src/stm32f3xx_hal_i2c.c.obj
                0x08002fd0                HAL_I2C_Mem_Write
 .text.HAL_I2C_Mem_Read
                0x080031f8      0x234 CMakeFiles/firmware_v1.0.0.dir/Drivers/STM32F3xx_HAL_Driver/Src/stm32f3xx_hal_i2c.c.obj
                0x080031f8                HAL_I2C_Mem_Read
 .text.I2C_RequestMemoryWrite
                0x0800342c       0xa8 CMakeFiles/firmware_v1.0.0.dir/Drivers/STM32F3xx_HAL_Driver/Src/stm32f3xx_hal_i2c.c.obj
 .text.I2C_RequestMemoryRead
                0x080034d4       0xa8 CMakeFiles/firmware_v1.0.0.dir/Drivers/STM32F3xx_HAL_Driver/Src/stm32f3xx_hal_i2c.c.obj
 .text.I2C_Flush_TXDR
                0x0800357c       0x48 CMakeFiles/firmware_v1.0.0.dir/Drivers/STM32F3xx_HAL_Driver/Src/stm32f3xx_hal_i2c.c.obj
 .text.I2C_WaitOnFlagUntilTimeout
                0x080035c4       0xb2 CMakeFiles/firmware_v1.0.0.dir/Drivers/STM32F3xx_HAL_Driver/Src/stm32f3xx_hal_i2c.c.obj
 .text.I2C_WaitOnTXISFlagUntilTimeout
                0x08003676       0x8e CMakeFiles/firmware_v1.0.0.dir/Drivers/STM32F3xx_HAL_Driver/Src/stm32f3xx_hal_i2c.c.obj
 .text.I2C_WaitOnSTOPFlagUntilTimeout
                0x08003704       0x86 CMakeFiles/firmware_v1.0.0.dir/Drivers/STM32F3xx_HAL_Driver/Src/stm32f3xx_hal_i2c.c.obj
 *fill*         0x0800378a        0x2 
 .text.I2C_IsErrorOccurred
                0x0800378c      0x1c0 CMakeFiles/firmware_v1.0.0.dir/Drivers/STM32F3xx_HAL_Driver/Src/stm32f3xx_hal_i2c.c.obj
 .text.I2C_TransferConfig
                0x0800394c       0x64 CMakeFiles/firmware_v1.0.0.dir/Drivers/STM32F3xx_HAL_Driver/Src/stm32f3xx_hal_i2c.c.obj
 .text.SystemInit
                0x080039b0       0x24 CMakeFiles/firmware_v1.0.0.dir/Core/Src/system_stm32f3xx.c.obj
                0x080039b0                SystemInit
 .text._sbrk    0x080039d4       0x6c CMakeFiles/firmware_v1.0.0.dir/Core/Src/sysmem.c.obj
                0x080039d4                _sbrk
 .text.Reset_Handler
                0x08003a40       0x50 CMakeFiles/firmware_v1.0.0.dir/startup_stm32f303xc.s.obj
                0x08003a40                Reset_Handler
 .text.Default_Handler
                0x08003a90        0x2 CMakeFiles/firmware_v1.0.0.dir/startup_stm32f303xc.s.obj
                0x08003a90                RTC_Alarm_IRQHandler
                0x08003a90                TIM8_TRG_COM_IRQHandler
                0x08003a90                TIM8_CC_IRQHandler
                0x08003a90                TIM1_CC_IRQHandler
                0x08003a90                USB_HP_IRQHandler
                0x08003a90                PVD_IRQHandler
                0x08003a90                TAMP_STAMP_IRQHandler
                0x08003a90                EXTI3_IRQHandler
                0x08003a90                USB_HP_CAN_TX_IRQHandler
                0x08003a90                EXTI0_IRQHandler
                0x08003a90                I2C2_EV_IRQHandler
                0x08003a90                FPU_IRQHandler
                0x08003a90                TIM1_UP_TIM16_IRQHandler
                0x08003a90                ADC1_2_IRQHandler
                0x08003a90                SPI1_IRQHandler
                0x08003a90                CAN_SCE_IRQHandler
                0x08003a90                TIM6_DAC_IRQHandler
                0x08003a90                TIM8_UP_IRQHandler
                0x08003a90                DMA2_Channel2_IRQHandler
                0x08003a90                DMA1_Channel4_IRQHandler
                0x08003a90                USART3_IRQHandler
                0x08003a90                DMA1_Channel7_IRQHandler
                0x08003a90                UART5_IRQHandler
                0x08003a90                ADC3_IRQHandler
                0x08003a90                TIM4_IRQHandler
                0x08003a90                CAN_RX1_IRQHandler
                0x08003a90                DMA2_Channel1_IRQHandler
                0x08003a90                I2C1_EV_IRQHandler
                0x08003a90                DMA1_Channel6_IRQHandler
                0x08003a90                UART4_IRQHandler
                0x08003a90                DMA2_Channel4_IRQHandler
                0x08003a90                TIM3_IRQHandler
                0x08003a90                RCC_IRQHandler
                0x08003a90                DMA1_Channel1_IRQHandler
                0x08003a90                Default_Handler
                0x08003a90                USBWakeUp_RMP_IRQHandler
                0x08003a90                EXTI15_10_IRQHandler
                0x08003a90                TIM7_IRQHandler
                0x08003a90                EXTI9_5_IRQHandler
                0x08003a90                RTC_WKUP_IRQHandler
                0x08003a90                SPI2_IRQHandler
                0x08003a90                USB_LP_CAN_RX0_IRQHandler
                0x08003a90                DMA2_Channel5_IRQHandler
                0x08003a90                DMA1_Channel5_IRQHandler
                0x08003a90                USB_LP_IRQHandler
                0x08003a90                EXTI4_IRQHandler
                0x08003a90                TIM1_TRG_COM_TIM17_IRQHandler
                0x08003a90                DMA1_Channel3_IRQHandler
                0x08003a90                ADC4_IRQHandler
                0x08003a90                WWDG_IRQHandler
                0x08003a90                TIM2_IRQHandler
                0x08003a90                COMP7_IRQHandler
                0x08003a90                COMP1_2_3_IRQHandler
                0x08003a90                EXTI1_IRQHandler
                0x08003a90                USART2_IRQHandler
                0x08003a90                COMP4_5_6_IRQHandler
                0x08003a90                I2C2_ER_IRQHandler
                0x08003a90                DMA1_Channel2_IRQHandler
                0x08003a90                TIM8_BRK_IRQHandler
                0x08003a90                FLASH_IRQHandler
                0x08003a90                USART1_IRQHandler
                0x08003a90                SPI3_IRQHandler
                0x08003a90                I2C1_ER_IRQHandler
                0x08003a90                USBWakeUp_IRQHandler
                0x08003a90                DMA2_Channel3_IRQHandler
                0x08003a90                EXTI2_TSC_IRQHandler
                0x08003a90                TIM1_BRK_TIM15_IRQHandler
 *fill*         0x08003a92        0x2 
 .text.snprintf
                0x08003a94       0x68 /opt/gcc-arm-none-eabi/bin/../lib/gcc/arm-none-eabi/13.2.1/../../../../arm-none-eabi/lib/thumb/v7e-m+fp/hard/libg_nano.a(libc_a-snprintf.o)
                0x08003a94                snprintf
                0x08003a94                sniprintf
 .text.__errno  0x08003afc        0xc /opt/gcc-arm-none-eabi/bin/../lib/gcc/arm-none-eabi/13.2.1/../../../../arm-none-eabi/lib/thumb/v7e-m+fp/hard/libg_nano.a(libc_a-errno.o)
                0x08003afc                __errno
 .text.__ssputs_r
                0x08003b08       0xb6 /opt/gcc-arm-none-eabi/bin/../lib/gcc/arm-none-eabi/13.2.1/../../../../arm-none-eabi/lib/thumb/v7e-m+fp/hard/libg_nano.a(libc_a-nano-svfprintf.o)
                0x08003b08                __ssputs_r
 *fill*         0x08003bbe        0x2 
 .text._svfprintf_r
                0x08003bc0      0x1f8 /opt/gcc-arm-none-eabi/bin/../lib/gcc/arm-none-eabi/13.2.1/../../../../arm-none-eabi/lib/thumb/v7e-m+fp/hard/libg_nano.a(libc_a-nano-svfprintf.o)
                0x08003bc0                _svfprintf_r
                0x08003bc0                _svfiprintf_r
 .text._printf_common
                0x08003db8       0xda /opt/gcc-arm-none-eabi/bin/../lib/gcc/arm-none-eabi/13.2.1/../../../../arm-none-eabi/lib/thumb/v7e-m+fp/hard/libg_nano.a(libc_a-nano-vfprintf_i.o)
                0x08003db8                _printf_common
 *fill*         0x08003e92        0x2 
 .text._printf_i
                0x08003e94      0x23c /opt/gcc-arm-none-eabi/bin/../lib/gcc/arm-none-eabi/13.2.1/../../../../arm-none-eabi/lib/thumb/v7e-m+fp/hard/libg_nano.a(libc_a-nano-vfprintf_i.o)
                0x08003e94                _printf_i
 .text.memcpy   0x080040d0       0x1c /opt/gcc-arm-none-eabi/bin/../lib/gcc/arm-none-eabi/13.2.1/../../../../arm-none-eabi/lib/thumb/v7e-m+fp/hard/libg_nano.a(libc_a-memcpy-stub.o)
                0x080040d0                memcpy
 .text.memmove  0x080040ec       0x34 /opt/gcc-arm-none-eabi/bin/../lib/gcc/arm-none-eabi/13.2.1/../../../../arm-none-eabi/lib/thumb/v7e-m+fp/hard/libg_nano.a(libc_a-memmove.o)
                0x080040ec                memmove
 .text._realloc_r
                0x08004120       0x5c /opt/gcc-arm-none-eabi/bin/../lib/gcc/arm-none-eabi/13.2.1/../../../../arm-none-eabi/lib/thumb/v7e-m+fp/hard/libg_nano.a(libc_a-reallocr.o)
                0x08004120                _realloc_r
 .text._malloc_usable_size_r
                0x0800417c       0x10 /opt/gcc-arm-none-eabi/bin/../lib/gcc/arm-none-eabi/13.2.1/../../../../arm-none-eabi/lib/thumb/v7e-m+fp/hard/libg_nano.a(libc_a-msizer.o)
                0x0800417c                _malloc_usable_size_r
 *(.glue_7)
 .glue_7        0x0800418c        0x0 linker stubs
 *(.glue_7t)
 .glue_7t       0x0800418c        0x0 linker stubs
 *(.eh_frame)
 .eh_frame      0x0800418c        0x0 /opt/gcc-arm-none-eabi/bin/../lib/gcc/arm-none-eabi/13.2.1/thumb/v7e-m+fp/hard/crtbegin.o
 *(.init)
 .init          0x0800418c        0x4 /opt/gcc-arm-none-eabi/bin/../lib/gcc/arm-none-eabi/13.2.1/thumb/v7e-m+fp/hard/crti.o
                0x0800418c                _init
 .init          0x08004190        0x8 /opt/gcc-arm-none-eabi/bin/../lib/gcc/arm-none-eabi/13.2.1/thumb/v7e-m+fp/hard/crtn.o
 *(.fini)
 .fini          0x08004198        0x4 /opt/gcc-arm-none-eabi/bin/../lib/gcc/arm-none-eabi/13.2.1/thumb/v7e-m+fp/hard/crti.o
                0x08004198                _fini
 .fini          0x0800419c        0x8 /opt/gcc-arm-none-eabi/bin/../lib/gcc/arm-none-eabi/13.2.1/thumb/v7e-m+fp/hard/crtn.o
                0x080041a4                        . = ALIGN (0x4)
                0x080041a4                        _etext = .

.vfp11_veneer   0x080041a4        0x0
 .vfp11_veneer  0x080041a4        0x0 linker stubs

.v4_bx          0x080041a4        0x0
 .v4_bx         0x080041a4        0x0 linker stubs

.iplt           0x080041a4        0x0
 .iplt          0x080041a4        0x0 /opt/gcc-arm-none-eabi/bin/../lib/gcc/arm-none-eabi/13.2.1/thumb/v7e-m+fp/hard/crtbegin.o

.rodata         0x080041a4       0x90
                0x080041a4                        . = ALIGN (0x4)
 *(.rodata)
 .rodata        0x080041a4       0x29 CMakeFiles/firmware_v1.0.0.dir/Core/Src/main.c.obj
 *(.rodata*)
 *fill*         0x080041cd        0x3 
 .rodata.aPLLMULFactorTable
                0x080041d0       0x10 CMakeFiles/firmware_v1.0.0.dir/Drivers/STM32F3xx_HAL_Driver/Src/stm32f3xx_hal_rcc.c.obj
 .rodata.aPredivFactorTable
                0x080041e0       0x10 CMakeFiles/firmware_v1.0.0.dir/Drivers/STM32F3xx_HAL_Driver/Src/stm32f3xx_hal_rcc.c.obj
 .rodata.AHBPrescTable
                0x080041f0       0x10 CMakeFiles/firmware_v1.0.0.dir/Core/Src/system_stm32f3xx.c.obj
                0x080041f0                AHBPrescTable
 .rodata._svfprintf_r.str1.1
                0x08004200       0x33 /opt/gcc-arm-none-eabi/bin/../lib/gcc/arm-none-eabi/13.2.1/../../../../arm-none-eabi/lib/thumb/v7e-m+fp/hard/libg_nano.a(libc_a-nano-svfprintf.o)
                                 0x11 (size before relaxing)
 .rodata._printf_i.str1.1
                0x08004233       0x22 /opt/gcc-arm-none-eabi/bin/../lib/gcc/arm-none-eabi/13.2.1/../../../../arm-none-eabi/lib/thumb/v7e-m+fp/hard/libg_nano.a(libc_a-nano-vfprintf_i.o)
                0x08004258                        . = ALIGN (0x4)
 *fill*         0x08004233        0x1 

.ARM.extab      0x08004234        0x0
                0x08004234                        . = ALIGN (0x4)
 *(.ARM.extab* .gnu.linkonce.armextab.*)
                0x08004234                        . = ALIGN (0x4)

.ARM            0x08004234        0x8
                0x08004234                        . = ALIGN (0x4)
                0x08004234                        __exidx_start = .
 *(.ARM.exidx*)
 .ARM.exidx     0x08004234        0x8 /opt/gcc-arm-none-eabi/bin/../lib/gcc/arm-none-eabi/13.2.1/../../../../arm-none-eabi/lib/thumb/v7e-m+fp/hard/libg_nano.a(libc_a-strlen.o)
 .ARM.exidx     0x0800423c        0x0 /opt/gcc-arm-none-eabi/bin/../lib/gcc/arm-none-eabi/13.2.1/../../../../arm-none-eabi/lib/thumb/v7e-m+fp/hard/libg_nano.a(libc_a-memchr.o)
                                  0x8 (size before relaxing)
                0x0800423c                        __exidx_end = .
                0x0800423c                        . = ALIGN (0x4)

.preinit_array  0x0800423c        0x0
                0x0800423c                        . = ALIGN (0x4)
                0x0800423c                        PROVIDE (__preinit_array_start = .)
 *(.preinit_array*)
                0x0800423c                        PROVIDE (__preinit_array_end = .)
                0x0800423c                        . = ALIGN (0x4)

.init_array     0x0800423c        0x4
                0x0800423c                        . = ALIGN (0x4)
                0x0800423c                        PROVIDE (__init_array_start = .)
 *(SORT_BY_NAME(.init_array.*))
 *(.init_array*)
 .init_array    0x0800423c        0x4 /opt/gcc-arm-none-eabi/bin/../lib/gcc/arm-none-eabi/13.2.1/thumb/v7e-m+fp/hard/crtbegin.o
                0x08004240                        PROVIDE (__init_array_end = .)
                0x08004240                        . = ALIGN (0x4)

.fini_array     0x08004240        0x4
                0x08004240                        . = ALIGN (0x4)
                [!provide]                        PROVIDE (__fini_array_start = .)
 *(SORT_BY_NAME(.fini_array.*))
 *(.fini_array*)
 .fini_array    0x08004240        0x4 /opt/gcc-arm-none-eabi/bin/../lib/gcc/arm-none-eabi/13.2.1/thumb/v7e-m+fp/hard/crtbegin.o
                [!provide]                        PROVIDE (__fini_array_end = .)
                0x08004244                        . = ALIGN (0x4)
                0x08004244                        _sidata = LOADADDR (.data)

.rel.dyn        0x08004244        0x0
 .rel.iplt      0x08004244        0x0 /opt/gcc-arm-none-eabi/bin/../lib/gcc/arm-none-eabi/13.2.1/thumb/v7e-m+fp/hard/crtbegin.o

.data           0x20000000       0x5c load address 0x08004244
                0x20000000                        . = ALIGN (0x4)
                0x20000000                        _sdata = .
 *(.data)
 *(.data*)
 .data._impure_ptr
                0x20000000        0x4 /opt/gcc-arm-none-eabi/bin/../lib/gcc/arm-none-eabi/13.2.1/../../../../arm-none-eabi/lib/thumb/v7e-m+fp/hard/libc_nano.a(libc_a-impure.o)
                0x20000000                _impure_ptr
 .data._impure_data
                0x20000004       0x4c /opt/gcc-arm-none-eabi/bin/../lib/gcc/arm-none-eabi/13.2.1/../../../../arm-none-eabi/lib/thumb/v7e-m+fp/hard/libc_nano.a(libc_a-impure.o)
                0x20000004                _impure_data
 .data.uwTickPrio
                0x20000050        0x4 CMakeFiles/firmware_v1.0.0.dir/Drivers/STM32F3xx_HAL_Driver/Src/stm32f3xx_hal.c.obj
                0x20000050                uwTickPrio
 .data.uwTickFreq
                0x20000054        0x1 CMakeFiles/firmware_v1.0.0.dir/Drivers/STM32F3xx_HAL_Driver/Src/stm32f3xx_hal.c.obj
                0x20000054                uwTickFreq
 *fill*         0x20000055        0x3 
 .data.SystemCoreClock
                0x20000058        0x4 CMakeFiles/firmware_v1.0.0.dir/Core/Src/system_stm32f3xx.c.obj
                0x20000058                SystemCoreClock
 *(.RamFunc)
 *(.RamFunc*)
                0x2000005c                        . = ALIGN (0x4)
                0x2000005c                        _edata = .
                0x080042a0                        _siccmram = LOADADDR (.ccmram)

.tm_clone_table
                0x2000005c        0x0 load address 0x080042a0
 .tm_clone_table
                0x2000005c        0x0 /opt/gcc-arm-none-eabi/bin/../lib/gcc/arm-none-eabi/13.2.1/thumb/v7e-m+fp/hard/crtbegin.o
 .tm_clone_table
                0x2000005c        0x0 /opt/gcc-arm-none-eabi/bin/../lib/gcc/arm-none-eabi/13.2.1/thumb/v7e-m+fp/hard/crtend.o

.igot.plt       0x2000005c        0x0 load address 0x080042a0
 .igot.plt      0x2000005c        0x0 /opt/gcc-arm-none-eabi/bin/../lib/gcc/arm-none-eabi/13.2.1/thumb/v7e-m+fp/hard/crtbegin.o

.ccmram         0x10000000        0x0 load address 0x080042a0
                0x10000000                        . = ALIGN (0x4)
                0x10000000                        _sccmram = .
 *(.ccmram)
 *(.ccmram*)
                0x10000000                        . = ALIGN (0x4)
                0x10000000                        _eccmram = .
                0x10000000                        . = ALIGN (0x4)

.bss            0x2000005c      0x260
                0x2000005c                        _sbss = .
                0x2000005c                        __bss_start__ = _sbss
 *(.bss)
 *(.bss*)
 .bss.completed.1
                0x2000005c        0x1 /opt/gcc-arm-none-eabi/bin/../lib/gcc/arm-none-eabi/13.2.1/thumb/v7e-m+fp/hard/crtbegin.o
 *fill*         0x2000005d        0x3 
 .bss.object.0  0x20000060       0x18 /opt/gcc-arm-none-eabi/bin/../lib/gcc/arm-none-eabi/13.2.1/thumb/v7e-m+fp/hard/crtbegin.o
 .bss.__sf      0x20000078      0x138 /opt/gcc-arm-none-eabi/bin/../lib/gcc/arm-none-eabi/13.2.1/../../../../arm-none-eabi/lib/thumb/v7e-m+fp/hard/libc_nano.a(libc_a-findfp.o)
                0x20000078                __sf
 .bss.__lock___malloc_recursive_mutex
                0x200001b0        0x1 /opt/gcc-arm-none-eabi/bin/../lib/gcc/arm-none-eabi/13.2.1/../../../../arm-none-eabi/lib/thumb/v7e-m+fp/hard/libc_nano.a(libc_a-lock.o)
                0x200001b0                __lock___malloc_recursive_mutex
 *fill*         0x200001b1        0x3 
 .bss.errno     0x200001b4        0x4 /opt/gcc-arm-none-eabi/bin/../lib/gcc/arm-none-eabi/13.2.1/../../../../arm-none-eabi/lib/thumb/v7e-m+fp/hard/libc_nano.a(libc_a-reent.o)
                0x200001b4                errno
 .bss.__malloc_sbrk_start
                0x200001b8        0x4 /opt/gcc-arm-none-eabi/bin/../lib/gcc/arm-none-eabi/13.2.1/../../../../arm-none-eabi/lib/thumb/v7e-m+fp/hard/libc_nano.a(libc_a-mallocr.o)
                0x200001b8                __malloc_sbrk_start
 .bss.__malloc_free_list
                0x200001bc        0x4 /opt/gcc-arm-none-eabi/bin/../lib/gcc/arm-none-eabi/13.2.1/../../../../arm-none-eabi/lib/thumb/v7e-m+fp/hard/libc_nano.a(libc_a-mallocr.o)
                0x200001bc                __malloc_free_list
 .bss.hi2c1     0x200001c0       0x54 CMakeFiles/firmware_v1.0.0.dir/Core/Src/main.c.obj
                0x200001c0                hi2c1
 .bss.huart1    0x20000214       0x88 CMakeFiles/firmware_v1.0.0.dir/Core/Src/main.c.obj
                0x20000214                huart1
 .bss.AC1       0x2000029c        0x2 CMakeFiles/firmware_v1.0.0.dir/Core/Src/main.c.obj
                0x2000029c                AC1
 .bss.AC2       0x2000029e        0x2 CMakeFiles/firmware_v1.0.0.dir/Core/Src/main.c.obj
                0x2000029e                AC2
 .bss.AC3       0x200002a0        0x2 CMakeFiles/firmware_v1.0.0.dir/Core/Src/main.c.obj
                0x200002a0                AC3
 .bss.B1        0x200002a2        0x2 CMakeFiles/firmware_v1.0.0.dir/Core/Src/main.c.obj
                0x200002a2                B1
 .bss.B2        0x200002a4        0x2 CMakeFiles/firmware_v1.0.0.dir/Core/Src/main.c.obj
                0x200002a4                B2
 .bss.MB        0x200002a6        0x2 CMakeFiles/firmware_v1.0.0.dir/Core/Src/main.c.obj
                0x200002a6                MB
 .bss.MC        0x200002a8        0x2 CMakeFiles/firmware_v1.0.0.dir/Core/Src/main.c.obj
                0x200002a8                MC
 .bss.MD        0x200002aa        0x2 CMakeFiles/firmware_v1.0.0.dir/Core/Src/main.c.obj
                0x200002aa                MD
 .bss.AC4       0x200002ac        0x2 CMakeFiles/firmware_v1.0.0.dir/Core/Src/main.c.obj
                0x200002ac                AC4
 .bss.AC5       0x200002ae        0x2 CMakeFiles/firmware_v1.0.0.dir/Core/Src/main.c.obj
                0x200002ae                AC5
 .bss.AC6       0x200002b0        0x2 CMakeFiles/firmware_v1.0.0.dir/Core/Src/main.c.obj
                0x200002b0                AC6
 *fill*         0x200002b2        0x2 
 .bss.uwTick    0x200002b4        0x4 CMakeFiles/firmware_v1.0.0.dir/Drivers/STM32F3xx_HAL_Driver/Src/stm32f3xx_hal.c.obj
                0x200002b4                uwTick
 .bss.__sbrk_heap_end
                0x200002b8        0x4 CMakeFiles/firmware_v1.0.0.dir/Core/Src/sysmem.c.obj
 *(COMMON)
                0x200002bc                        . = ALIGN (0x4)
                0x200002bc                        _ebss = .
                0x200002bc                        __bss_end__ = _ebss

._user_heap_stack
                0x200002bc      0x604
                0x200002c0                        . = ALIGN (0x8)
 *fill*         0x200002bc        0x4 
                [!provide]                        PROVIDE (end = .)
                0x200002c0                        PROVIDE (_end = .)
                0x200004c0                        . = (. + _Min_Heap_Size)
 *fill*         0x200002c0      0x200 
                0x200008c0                        . = (. + _Min_Stack_Size)
 *fill*         0x200004c0      0x400 
                0x200008c0                        . = ALIGN (0x8)

/DISCARD/
 libc.a(*)
 libm.a(*)
 libgcc.a(*)

.ARM.attributes
                0x00000000       0x30
 *(.ARM.attributes)
 .ARM.attributes
                0x00000000       0x22 /opt/gcc-arm-none-eabi/bin/../lib/gcc/arm-none-eabi/13.2.1/thumb/v7e-m+fp/hard/crti.o
 .ARM.attributes
                0x00000022       0x34 /opt/gcc-arm-none-eabi/bin/../lib/gcc/arm-none-eabi/13.2.1/thumb/v7e-m+fp/hard/crtbegin.o
 .ARM.attributes
                0x00000056       0x34 /opt/gcc-arm-none-eabi/bin/../lib/gcc/arm-none-eabi/13.2.1/../../../../arm-none-eabi/lib/thumb/v7e-m+fp/hard/libc_nano.a(libc_a-init.o)
 .ARM.attributes
                0x0000008a       0x34 /opt/gcc-arm-none-eabi/bin/../lib/gcc/arm-none-eabi/13.2.1/../../../../arm-none-eabi/lib/thumb/v7e-m+fp/hard/libc_nano.a(libc_a-findfp.o)
 .ARM.attributes
                0x000000be       0x34 /opt/gcc-arm-none-eabi/bin/../lib/gcc/arm-none-eabi/13.2.1/../../../../arm-none-eabi/lib/thumb/v7e-m+fp/hard/libc_nano.a(libc_a-memset.o)
 .ARM.attributes
                0x000000f2       0x34 /opt/gcc-arm-none-eabi/bin/../lib/gcc/arm-none-eabi/13.2.1/../../../../arm-none-eabi/lib/thumb/v7e-m+fp/hard/libc_nano.a(libc_a-lock.o)
 .ARM.attributes
                0x00000126       0x34 /opt/gcc-arm-none-eabi/bin/../lib/gcc/arm-none-eabi/13.2.1/../../../../arm-none-eabi/lib/thumb/v7e-m+fp/hard/libc_nano.a(libc_a-reent.o)
 .ARM.attributes
                0x0000015a       0x34 /opt/gcc-arm-none-eabi/bin/../lib/gcc/arm-none-eabi/13.2.1/../../../../arm-none-eabi/lib/thumb/v7e-m+fp/hard/libc_nano.a(libc_a-impure.o)
 .ARM.attributes
                0x0000018e       0x34 /opt/gcc-arm-none-eabi/bin/../lib/gcc/arm-none-eabi/13.2.1/../../../../arm-none-eabi/lib/thumb/v7e-m+fp/hard/libc_nano.a(libc_a-mallocr.o)
 .ARM.attributes
                0x000001c2       0x34 /opt/gcc-arm-none-eabi/bin/../lib/gcc/arm-none-eabi/13.2.1/../../../../arm-none-eabi/lib/thumb/v7e-m+fp/hard/libc_nano.a(libc_a-mlock.o)
 .ARM.attributes
                0x000001f6       0x34 /opt/gcc-arm-none-eabi/bin/../lib/gcc/arm-none-eabi/13.2.1/../../../../arm-none-eabi/lib/thumb/v7e-m+fp/hard/libc_nano.a(libc_a-sbrkr.o)
 .ARM.attributes
                0x0000022a       0x34 /opt/gcc-arm-none-eabi/bin/../lib/gcc/arm-none-eabi/13.2.1/../../../../arm-none-eabi/lib/thumb/v7e-m+fp/hard/libc_nano.a(libc_a-freer.o)
 .ARM.attributes
                0x0000025e       0x34 CMakeFiles/firmware_v1.0.0.dir/Core/Src/main.c.obj
 .ARM.attributes
                0x00000292       0x34 CMakeFiles/firmware_v1.0.0.dir/Core/Src/stm32f3xx_it.c.obj
 .ARM.attributes
                0x000002c6       0x34 CMakeFiles/firmware_v1.0.0.dir/Core/Src/stm32f3xx_hal_msp.c.obj
 .ARM.attributes
                0x000002fa       0x34 CMakeFiles/firmware_v1.0.0.dir/Drivers/STM32F3xx_HAL_Driver/Src/stm32f3xx_hal.c.obj
 .ARM.attributes
                0x0000032e       0x34 CMakeFiles/firmware_v1.0.0.dir/Drivers/STM32F3xx_HAL_Driver/Src/stm32f3xx_hal_rcc.c.obj
 .ARM.attributes
                0x00000362       0x34 CMakeFiles/firmware_v1.0.0.dir/Drivers/STM32F3xx_HAL_Driver/Src/stm32f3xx_hal_gpio.c.obj
 .ARM.attributes
                0x00000396       0x34 CMakeFiles/firmware_v1.0.0.dir/Drivers/STM32F3xx_HAL_Driver/Src/stm32f3xx_hal_cortex.c.obj
 .ARM.attributes
                0x000003ca       0x34 CMakeFiles/firmware_v1.0.0.dir/Drivers/STM32F3xx_HAL_Driver/Src/stm32f3xx_hal_i2c.c.obj
 .ARM.attributes
                0x000003fe       0x34 CMakeFiles/firmware_v1.0.0.dir/Core/Src/system_stm32f3xx.c.obj
 .ARM.attributes
                0x00000432       0x34 CMakeFiles/firmware_v1.0.0.dir/Core/Src/sysmem.c.obj
 .ARM.attributes
                0x00000466       0x21 CMakeFiles/firmware_v1.0.0.dir/startup_stm32f303xc.s.obj
 .ARM.attributes
                0x00000487       0x22 /opt/gcc-arm-none-eabi/bin/../lib/gcc/arm-none-eabi/13.2.1/thumb/v7e-m+fp/hard/libgcc.a(_arm_addsubdf3.o)
 .ARM.attributes
                0x000004a9       0x22 /opt/gcc-arm-none-eabi/bin/../lib/gcc/arm-none-eabi/13.2.1/thumb/v7e-m+fp/hard/libgcc.a(_arm_muldivdf3.o)
 .ARM.attributes
                0x000004cb       0x22 /opt/gcc-arm-none-eabi/bin/../lib/gcc/arm-none-eabi/13.2.1/thumb/v7e-m+fp/hard/libgcc.a(_arm_truncdfsf2.o)
 .ARM.attributes
                0x000004ed       0x17 /opt/gcc-arm-none-eabi/bin/../lib/gcc/arm-none-eabi/13.2.1/../../../../arm-none-eabi/lib/thumb/v7e-m+fp/hard/libg_nano.a(libc_a-strlen.o)
 .ARM.attributes
                0x00000504       0x34 /opt/gcc-arm-none-eabi/bin/../lib/gcc/arm-none-eabi/13.2.1/../../../../arm-none-eabi/lib/thumb/v7e-m+fp/hard/libg_nano.a(libc_a-snprintf.o)
 .ARM.attributes
                0x00000538       0x34 /opt/gcc-arm-none-eabi/bin/../lib/gcc/arm-none-eabi/13.2.1/../../../../arm-none-eabi/lib/thumb/v7e-m+fp/hard/libg_nano.a(libc_a-errno.o)
 .ARM.attributes
                0x0000056c       0x34 /opt/gcc-arm-none-eabi/bin/../lib/gcc/arm-none-eabi/13.2.1/../../../../arm-none-eabi/lib/thumb/v7e-m+fp/hard/libg_nano.a(libc_a-nano-svfprintf.o)
 .ARM.attributes
                0x000005a0       0x34 /opt/gcc-arm-none-eabi/bin/../lib/gcc/arm-none-eabi/13.2.1/../../../../arm-none-eabi/lib/thumb/v7e-m+fp/hard/libg_nano.a(libc_a-nano-vfprintf_i.o)
 .ARM.attributes
                0x000005d4       0x1c /opt/gcc-arm-none-eabi/bin/../lib/gcc/arm-none-eabi/13.2.1/../../../../arm-none-eabi/lib/thumb/v7e-m+fp/hard/libg_nano.a(libc_a-memchr.o)
 .ARM.attributes
                0x000005f0       0x34 /opt/gcc-arm-none-eabi/bin/../lib/gcc/arm-none-eabi/13.2.1/../../../../arm-none-eabi/lib/thumb/v7e-m+fp/hard/libg_nano.a(libc_a-memcpy-stub.o)
 .ARM.attributes
                0x00000624       0x34 /opt/gcc-arm-none-eabi/bin/../lib/gcc/arm-none-eabi/13.2.1/../../../../arm-none-eabi/lib/thumb/v7e-m+fp/hard/libg_nano.a(libc_a-memmove.o)
 .ARM.attributes
                0x00000658       0x34 /opt/gcc-arm-none-eabi/bin/../lib/gcc/arm-none-eabi/13.2.1/../../../../arm-none-eabi/lib/thumb/v7e-m+fp/hard/libg_nano.a(libc_a-reallocr.o)
 .ARM.attributes
                0x0000068c       0x34 /opt/gcc-arm-none-eabi/bin/../lib/gcc/arm-none-eabi/13.2.1/../../../../arm-none-eabi/lib/thumb/v7e-m+fp/hard/libg_nano.a(libc_a-msizer.o)
 .ARM.attributes
                0x000006c0       0x34 /opt/gcc-arm-none-eabi/bin/../lib/gcc/arm-none-eabi/13.2.1/thumb/v7e-m+fp/hard/crtend.o
 .ARM.attributes
                0x000006f4       0x22 /opt/gcc-arm-none-eabi/bin/../lib/gcc/arm-none-eabi/13.2.1/thumb/v7e-m+fp/hard/crtn.o
OUTPUT(firmware_v1.0.0.elf elf32-littlearm)
LOAD linker stubs
LOAD /opt/gcc-arm-none-eabi/bin/../lib/gcc/arm-none-eabi/13.2.1/../../../../arm-none-eabi/lib/thumb/v7e-m+fp/hard/libc.a
LOAD /opt/gcc-arm-none-eabi/bin/../lib/gcc/arm-none-eabi/13.2.1/../../../../arm-none-eabi/lib/thumb/v7e-m+fp/hard/libm.a
LOAD /opt/gcc-arm-none-eabi/bin/../lib/gcc/arm-none-eabi/13.2.1/thumb/v7e-m+fp/hard/libgcc.a

.debug_frame    0x00000000     0x2180
 .debug_frame   0x00000000       0x2c /opt/gcc-arm-none-eabi/bin/../lib/gcc/arm-none-eabi/13.2.1/../../../../arm-none-eabi/lib/thumb/v7e-m+fp/hard/libc_nano.a(libc_a-init.o)
 .debug_frame   0x0000002c      0x144 /opt/gcc-arm-none-eabi/bin/../lib/gcc/arm-none-eabi/13.2.1/../../../../arm-none-eabi/lib/thumb/v7e-m+fp/hard/libc_nano.a(libc_a-findfp.o)
 .debug_frame   0x00000170       0x20 /opt/gcc-arm-none-eabi/bin/../lib/gcc/arm-none-eabi/13.2.1/../../../../arm-none-eabi/lib/thumb/v7e-m+fp/hard/libc_nano.a(libc_a-memset.o)
 .debug_frame   0x00000190       0xb0 /opt/gcc-arm-none-eabi/bin/../lib/gcc/arm-none-eabi/13.2.1/../../../../arm-none-eabi/lib/thumb/v7e-m+fp/hard/libc_nano.a(libc_a-lock.o)
 .debug_frame   0x00000240       0x38 /opt/gcc-arm-none-eabi/bin/../lib/gcc/arm-none-eabi/13.2.1/../../../../arm-none-eabi/lib/thumb/v7e-m+fp/hard/libc_nano.a(libc_a-reent.o)
 .debug_frame   0x00000278       0x50 /opt/gcc-arm-none-eabi/bin/../lib/gcc/arm-none-eabi/13.2.1/../../../../arm-none-eabi/lib/thumb/v7e-m+fp/hard/libc_nano.a(libc_a-mallocr.o)
 .debug_frame   0x000002c8       0x30 /opt/gcc-arm-none-eabi/bin/../lib/gcc/arm-none-eabi/13.2.1/../../../../arm-none-eabi/lib/thumb/v7e-m+fp/hard/libc_nano.a(libc_a-mlock.o)
 .debug_frame   0x000002f8       0x2c /opt/gcc-arm-none-eabi/bin/../lib/gcc/arm-none-eabi/13.2.1/../../../../arm-none-eabi/lib/thumb/v7e-m+fp/hard/libc_nano.a(libc_a-sbrkr.o)
 .debug_frame   0x00000324       0x38 /opt/gcc-arm-none-eabi/bin/../lib/gcc/arm-none-eabi/13.2.1/../../../../arm-none-eabi/lib/thumb/v7e-m+fp/hard/libc_nano.a(libc_a-freer.o)
 .debug_frame   0x0000035c      0x150 CMakeFiles/firmware_v1.0.0.dir/Core/Src/main.c.obj
 .debug_frame   0x000004ac      0x104 CMakeFiles/firmware_v1.0.0.dir/Core/Src/stm32f3xx_it.c.obj
 .debug_frame   0x000005b0       0x38 CMakeFiles/firmware_v1.0.0.dir/Core/Src/stm32f3xx_hal_msp.c.obj
 .debug_frame   0x000005e8      0x334 CMakeFiles/firmware_v1.0.0.dir/Drivers/STM32F3xx_HAL_Driver/Src/stm32f3xx_hal.c.obj
 .debug_frame   0x0000091c      0x214 CMakeFiles/firmware_v1.0.0.dir/Drivers/STM32F3xx_HAL_Driver/Src/stm32f3xx_hal_rcc.c.obj
 .debug_frame   0x00000b30      0x14c CMakeFiles/firmware_v1.0.0.dir/Drivers/STM32F3xx_HAL_Driver/Src/stm32f3xx_hal_gpio.c.obj
 .debug_frame   0x00000c7c      0x4e8 CMakeFiles/firmware_v1.0.0.dir/Drivers/STM32F3xx_HAL_Driver/Src/stm32f3xx_hal_cortex.c.obj
 .debug_frame   0x00001164      0xc38 CMakeFiles/firmware_v1.0.0.dir/Drivers/STM32F3xx_HAL_Driver/Src/stm32f3xx_hal_i2c.c.obj
 .debug_frame   0x00001d9c       0x58 CMakeFiles/firmware_v1.0.0.dir/Core/Src/system_stm32f3xx.c.obj
 .debug_frame   0x00001df4       0x34 CMakeFiles/firmware_v1.0.0.dir/Core/Src/sysmem.c.obj
 .debug_frame   0x00001e28       0xac /opt/gcc-arm-none-eabi/bin/../lib/gcc/arm-none-eabi/13.2.1/thumb/v7e-m+fp/hard/libgcc.a(_arm_addsubdf3.o)
 .debug_frame   0x00001ed4       0x50 /opt/gcc-arm-none-eabi/bin/../lib/gcc/arm-none-eabi/13.2.1/thumb/v7e-m+fp/hard/libgcc.a(_arm_muldivdf3.o)
 .debug_frame   0x00001f24       0x24 /opt/gcc-arm-none-eabi/bin/../lib/gcc/arm-none-eabi/13.2.1/thumb/v7e-m+fp/hard/libgcc.a(_arm_truncdfsf2.o)
 .debug_frame   0x00001f48       0x7c /opt/gcc-arm-none-eabi/bin/../lib/gcc/arm-none-eabi/13.2.1/../../../../arm-none-eabi/lib/thumb/v7e-m+fp/hard/libg_nano.a(libc_a-snprintf.o)
 .debug_frame   0x00001fc4       0x20 /opt/gcc-arm-none-eabi/bin/../lib/gcc/arm-none-eabi/13.2.1/../../../../arm-none-eabi/lib/thumb/v7e-m+fp/hard/libg_nano.a(libc_a-errno.o)
 .debug_frame   0x00001fe4       0x90 /opt/gcc-arm-none-eabi/bin/../lib/gcc/arm-none-eabi/13.2.1/../../../../arm-none-eabi/lib/thumb/v7e-m+fp/hard/libg_nano.a(libc_a-nano-svfprintf.o)
 .debug_frame   0x00002074       0x60 /opt/gcc-arm-none-eabi/bin/../lib/gcc/arm-none-eabi/13.2.1/../../../../arm-none-eabi/lib/thumb/v7e-m+fp/hard/libg_nano.a(libc_a-nano-vfprintf_i.o)
 .debug_frame   0x000020d4       0x28 /opt/gcc-arm-none-eabi/bin/../lib/gcc/arm-none-eabi/13.2.1/../../../../arm-none-eabi/lib/thumb/v7e-m+fp/hard/libg_nano.a(libc_a-memcpy-stub.o)
 .debug_frame   0x000020fc       0x28 /opt/gcc-arm-none-eabi/bin/../lib/gcc/arm-none-eabi/13.2.1/../../../../arm-none-eabi/lib/thumb/v7e-m+fp/hard/libg_nano.a(libc_a-memmove.o)
 .debug_frame   0x00002124       0x3c /opt/gcc-arm-none-eabi/bin/../lib/gcc/arm-none-eabi/13.2.1/../../../../arm-none-eabi/lib/thumb/v7e-m+fp/hard/libg_nano.a(libc_a-reallocr.o)
 .debug_frame   0x00002160       0x20 /opt/gcc-arm-none-eabi/bin/../lib/gcc/arm-none-eabi/13.2.1/../../../../arm-none-eabi/lib/thumb/v7e-m+fp/hard/libg_nano.a(libc_a-msizer.o)

.debug_info     0x00000000     0x6a7a
 .debug_info    0x00000000     0x1238 CMakeFiles/firmware_v1.0.0.dir/Core/Src/main.c.obj
 .debug_info    0x00001238      0x113 CMakeFiles/firmware_v1.0.0.dir/Core/Src/stm32f3xx_it.c.obj
 .debug_info    0x0000134b      0x18d CMakeFiles/firmware_v1.0.0.dir/Core/Src/stm32f3xx_hal_msp.c.obj
 .debug_info    0x000014d8      0x7d4 CMakeFiles/firmware_v1.0.0.dir/Drivers/STM32F3xx_HAL_Driver/Src/stm32f3xx_hal.c.obj
 .debug_info    0x00001cac     0x148a CMakeFiles/firmware_v1.0.0.dir/Drivers/STM32F3xx_HAL_Driver/Src/stm32f3xx_hal_rcc.c.obj
 .debug_info    0x00003136      0x5fe CMakeFiles/firmware_v1.0.0.dir/Drivers/STM32F3xx_HAL_Driver/Src/stm32f3xx_hal_gpio.c.obj
 .debug_info    0x00003734      0xce4 CMakeFiles/firmware_v1.0.0.dir/Drivers/STM32F3xx_HAL_Driver/Src/stm32f3xx_hal_cortex.c.obj
 .debug_info    0x00004418     0x20c3 CMakeFiles/firmware_v1.0.0.dir/Drivers/STM32F3xx_HAL_Driver/Src/stm32f3xx_hal_i2c.c.obj
 .debug_info    0x000064db      0x407 CMakeFiles/firmware_v1.0.0.dir/Core/Src/system_stm32f3xx.c.obj
 .debug_info    0x000068e2      0x168 CMakeFiles/firmware_v1.0.0.dir/Core/Src/sysmem.c.obj
 .debug_info    0x00006a4a       0x30 CMakeFiles/firmware_v1.0.0.dir/startup_stm32f303xc.s.obj

.debug_abbrev   0x00000000     0x1230
 .debug_abbrev  0x00000000      0x2a0 CMakeFiles/firmware_v1.0.0.dir/Core/Src/main.c.obj
 .debug_abbrev  0x000002a0       0x73 CMakeFiles/firmware_v1.0.0.dir/Core/Src/stm32f3xx_it.c.obj
 .debug_abbrev  0x00000313       0xc6 CMakeFiles/firmware_v1.0.0.dir/Core/Src/stm32f3xx_hal_msp.c.obj
 .debug_abbrev  0x000003d9      0x215 CMakeFiles/firmware_v1.0.0.dir/Drivers/STM32F3xx_HAL_Driver/Src/stm32f3xx_hal.c.obj
 .debug_abbrev  0x000005ee      0x300 CMakeFiles/firmware_v1.0.0.dir/Drivers/STM32F3xx_HAL_Driver/Src/stm32f3xx_hal_rcc.c.obj
 .debug_abbrev  0x000008ee      0x1ca CMakeFiles/firmware_v1.0.0.dir/Drivers/STM32F3xx_HAL_Driver/Src/stm32f3xx_hal_gpio.c.obj
 .debug_abbrev  0x00000ab8      0x31e CMakeFiles/firmware_v1.0.0.dir/Drivers/STM32F3xx_HAL_Driver/Src/stm32f3xx_hal_cortex.c.obj
 .debug_abbrev  0x00000dd6      0x260 CMakeFiles/firmware_v1.0.0.dir/Drivers/STM32F3xx_HAL_Driver/Src/stm32f3xx_hal_i2c.c.obj
 .debug_abbrev  0x00001036      0x11a CMakeFiles/firmware_v1.0.0.dir/Core/Src/system_stm32f3xx.c.obj
 .debug_abbrev  0x00001150       0xbc CMakeFiles/firmware_v1.0.0.dir/Core/Src/sysmem.c.obj
 .debug_abbrev  0x0000120c       0x24 CMakeFiles/firmware_v1.0.0.dir/startup_stm32f303xc.s.obj

.debug_aranges  0x00000000      0x6d8
 .debug_aranges
                0x00000000       0x60 CMakeFiles/firmware_v1.0.0.dir/Core/Src/main.c.obj
 .debug_aranges
                0x00000060       0x60 CMakeFiles/firmware_v1.0.0.dir/Core/Src/stm32f3xx_it.c.obj
 .debug_aranges
                0x000000c0       0x20 CMakeFiles/firmware_v1.0.0.dir/Core/Src/stm32f3xx_hal_msp.c.obj
 .debug_aranges
                0x000000e0       0xe0 CMakeFiles/firmware_v1.0.0.dir/Drivers/STM32F3xx_HAL_Driver/Src/stm32f3xx_hal.c.obj
 .debug_aranges
                0x000001c0       0x88 CMakeFiles/firmware_v1.0.0.dir/Drivers/STM32F3xx_HAL_Driver/Src/stm32f3xx_hal_rcc.c.obj
 .debug_aranges
                0x00000248       0x58 CMakeFiles/firmware_v1.0.0.dir/Drivers/STM32F3xx_HAL_Driver/Src/stm32f3xx_hal_gpio.c.obj
 .debug_aranges
                0x000002a0      0x128 CMakeFiles/firmware_v1.0.0.dir/Drivers/STM32F3xx_HAL_Driver/Src/stm32f3xx_hal_cortex.c.obj
 .debug_aranges
                0x000003c8      0x2a0 CMakeFiles/firmware_v1.0.0.dir/Drivers/STM32F3xx_HAL_Driver/Src/stm32f3xx_hal_i2c.c.obj
 .debug_aranges
                0x00000668       0x28 CMakeFiles/firmware_v1.0.0.dir/Core/Src/system_stm32f3xx.c.obj
 .debug_aranges
                0x00000690       0x20 CMakeFiles/firmware_v1.0.0.dir/Core/Src/sysmem.c.obj
 .debug_aranges
                0x000006b0       0x28 CMakeFiles/firmware_v1.0.0.dir/startup_stm32f303xc.s.obj

.debug_rnglists
                0x00000000      0x52e
 .debug_rnglists
                0x00000000       0x48 CMakeFiles/firmware_v1.0.0.dir/Core/Src/main.c.obj
 .debug_rnglists
                0x00000048       0x43 CMakeFiles/firmware_v1.0.0.dir/Core/Src/stm32f3xx_it.c.obj
 .debug_rnglists
                0x0000008b       0x13 CMakeFiles/firmware_v1.0.0.dir/Core/Src/stm32f3xx_hal_msp.c.obj
 .debug_rnglists
                0x0000009e       0xa3 CMakeFiles/firmware_v1.0.0.dir/Drivers/STM32F3xx_HAL_Driver/Src/stm32f3xx_hal.c.obj
 .debug_rnglists
                0x00000141       0x66 CMakeFiles/firmware_v1.0.0.dir/Drivers/STM32F3xx_HAL_Driver/Src/stm32f3xx_hal_rcc.c.obj
 .debug_rnglists
                0x000001a7       0x3f CMakeFiles/firmware_v1.0.0.dir/Drivers/STM32F3xx_HAL_Driver/Src/stm32f3xx_hal_gpio.c.obj
 .debug_rnglists
                0x000001e6       0xda CMakeFiles/firmware_v1.0.0.dir/Drivers/STM32F3xx_HAL_Driver/Src/stm32f3xx_hal_cortex.c.obj
 .debug_rnglists
                0x000002c0      0x228 CMakeFiles/firmware_v1.0.0.dir/Drivers/STM32F3xx_HAL_Driver/Src/stm32f3xx_hal_i2c.c.obj
 .debug_rnglists
                0x000004e8       0x1a CMakeFiles/firmware_v1.0.0.dir/Core/Src/system_stm32f3xx.c.obj
 .debug_rnglists
                0x00000502       0x13 CMakeFiles/firmware_v1.0.0.dir/Core/Src/sysmem.c.obj
 .debug_rnglists
                0x00000515       0x19 CMakeFiles/firmware_v1.0.0.dir/startup_stm32f303xc.s.obj

.debug_macro    0x00000000    0x1cf26
 .debug_macro   0x00000000      0x2dd CMakeFiles/firmware_v1.0.0.dir/Core/Src/main.c.obj
 .debug_macro   0x000002dd      0xade CMakeFiles/firmware_v1.0.0.dir/Core/Src/main.c.obj
 .debug_macro   0x00000dbb      0x14b CMakeFiles/firmware_v1.0.0.dir/Core/Src/main.c.obj
 .debug_macro   0x00000f06       0x2e CMakeFiles/firmware_v1.0.0.dir/Core/Src/main.c.obj
 .debug_macro   0x00000f34       0x28 CMakeFiles/firmware_v1.0.0.dir/Core/Src/main.c.obj
 .debug_macro   0x00000f5c       0x22 CMakeFiles/firmware_v1.0.0.dir/Core/Src/main.c.obj
 .debug_macro   0x00000f7e       0x8e CMakeFiles/firmware_v1.0.0.dir/Core/Src/main.c.obj
 .debug_macro   0x0000100c       0x51 CMakeFiles/firmware_v1.0.0.dir/Core/Src/main.c.obj
 .debug_macro   0x0000105d      0x103 CMakeFiles/firmware_v1.0.0.dir/Core/Src/main.c.obj
 .debug_macro   0x00001160       0x6a CMakeFiles/firmware_v1.0.0.dir/Core/Src/main.c.obj
 .debug_macro   0x000011ca      0x1df CMakeFiles/firmware_v1.0.0.dir/Core/Src/main.c.obj
 .debug_macro   0x000013a9       0x1c CMakeFiles/firmware_v1.0.0.dir/Core/Src/main.c.obj
 .debug_macro   0x000013c5       0x22 CMakeFiles/firmware_v1.0.0.dir/Core/Src/main.c.obj
 .debug_macro   0x000013e7       0xd9 CMakeFiles/firmware_v1.0.0.dir/Core/Src/main.c.obj
 .debug_macro   0x000014c0     0x102d CMakeFiles/firmware_v1.0.0.dir/Core/Src/main.c.obj
 .debug_macro   0x000024ed      0x11f CMakeFiles/firmware_v1.0.0.dir/Core/Src/main.c.obj
 .debug_macro   0x0000260c    0x12a3a CMakeFiles/firmware_v1.0.0.dir/Core/Src/main.c.obj
 .debug_macro   0x00015046       0x6d CMakeFiles/firmware_v1.0.0.dir/Core/Src/main.c.obj
 .debug_macro   0x000150b3     0x3574 CMakeFiles/firmware_v1.0.0.dir/Core/Src/main.c.obj
 .debug_macro   0x00018627      0x190 CMakeFiles/firmware_v1.0.0.dir/Core/Src/main.c.obj
 .debug_macro   0x000187b7       0x55 CMakeFiles/firmware_v1.0.0.dir/Core/Src/main.c.obj
 .debug_macro   0x0001880c      0x961 CMakeFiles/firmware_v1.0.0.dir/Core/Src/main.c.obj
 .debug_macro   0x0001916d      0x5fe CMakeFiles/firmware_v1.0.0.dir/Core/Src/main.c.obj
 .debug_macro   0x0001976b      0x1b5 CMakeFiles/firmware_v1.0.0.dir/Core/Src/main.c.obj
 .debug_macro   0x00019920      0x1fb CMakeFiles/firmware_v1.0.0.dir/Core/Src/main.c.obj
 .debug_macro   0x00019b1b      0x1dc CMakeFiles/firmware_v1.0.0.dir/Core/Src/main.c.obj
 .debug_macro   0x00019cf7      0x1bc CMakeFiles/firmware_v1.0.0.dir/Core/Src/main.c.obj
 .debug_macro   0x00019eb3       0x30 CMakeFiles/firmware_v1.0.0.dir/Core/Src/main.c.obj
 .debug_macro   0x00019ee3       0x3c CMakeFiles/firmware_v1.0.0.dir/Core/Src/main.c.obj
 .debug_macro   0x00019f1f      0x235 CMakeFiles/firmware_v1.0.0.dir/Core/Src/main.c.obj
 .debug_macro   0x0001a154       0xc5 CMakeFiles/firmware_v1.0.0.dir/Core/Src/main.c.obj
 .debug_macro   0x0001a219      0x21d CMakeFiles/firmware_v1.0.0.dir/Core/Src/main.c.obj
 .debug_macro   0x0001a436      0x22c CMakeFiles/firmware_v1.0.0.dir/Core/Src/main.c.obj
 .debug_macro   0x0001a662       0x5b CMakeFiles/firmware_v1.0.0.dir/Core/Src/main.c.obj
 .debug_macro   0x0001a6bd       0xa5 CMakeFiles/firmware_v1.0.0.dir/Core/Src/main.c.obj
 .debug_macro   0x0001a762       0x81 CMakeFiles/firmware_v1.0.0.dir/Core/Src/main.c.obj
 .debug_macro   0x0001a7e3       0xd3 CMakeFiles/firmware_v1.0.0.dir/Core/Src/main.c.obj
 .debug_macro   0x0001a8b6      0x275 CMakeFiles/firmware_v1.0.0.dir/Core/Src/main.c.obj
 .debug_macro   0x0001ab2b      0x124 CMakeFiles/firmware_v1.0.0.dir/Core/Src/main.c.obj
 .debug_macro   0x0001ac4f      0x5ba CMakeFiles/firmware_v1.0.0.dir/Core/Src/main.c.obj
 .debug_macro   0x0001b209       0x3e CMakeFiles/firmware_v1.0.0.dir/Core/Src/main.c.obj
 .debug_macro   0x0001b247       0x7b CMakeFiles/firmware_v1.0.0.dir/Core/Src/main.c.obj
 .debug_macro   0x0001b2c2       0x2a CMakeFiles/firmware_v1.0.0.dir/Core/Src/main.c.obj
 .debug_macro   0x0001b2ec       0x3c CMakeFiles/firmware_v1.0.0.dir/Core/Src/main.c.obj
 .debug_macro   0x0001b328       0x34 CMakeFiles/firmware_v1.0.0.dir/Core/Src/main.c.obj
 .debug_macro   0x0001b35c      0x370 CMakeFiles/firmware_v1.0.0.dir/Core/Src/main.c.obj
 .debug_macro   0x0001b6cc       0x16 CMakeFiles/firmware_v1.0.0.dir/Core/Src/main.c.obj
 .debug_macro   0x0001b6e2       0x4a CMakeFiles/firmware_v1.0.0.dir/Core/Src/main.c.obj
 .debug_macro   0x0001b72c       0x34 CMakeFiles/firmware_v1.0.0.dir/Core/Src/main.c.obj
 .debug_macro   0x0001b760       0x10 CMakeFiles/firmware_v1.0.0.dir/Core/Src/main.c.obj
 .debug_macro   0x0001b770       0x58 CMakeFiles/firmware_v1.0.0.dir/Core/Src/main.c.obj
 .debug_macro   0x0001b7c8      0x1de CMakeFiles/firmware_v1.0.0.dir/Core/Src/main.c.obj
 .debug_macro   0x0001b9a6       0x10 CMakeFiles/firmware_v1.0.0.dir/Core/Src/main.c.obj
 .debug_macro   0x0001b9b6       0x3c CMakeFiles/firmware_v1.0.0.dir/Core/Src/main.c.obj
 .debug_macro   0x0001b9f2       0x1c CMakeFiles/firmware_v1.0.0.dir/Core/Src/main.c.obj
 .debug_macro   0x0001ba0e       0x10 CMakeFiles/firmware_v1.0.0.dir/Core/Src/main.c.obj
 .debug_macro   0x0001ba1e       0x1c CMakeFiles/firmware_v1.0.0.dir/Core/Src/main.c.obj
 .debug_macro   0x0001ba3a       0x16 CMakeFiles/firmware_v1.0.0.dir/Core/Src/main.c.obj
 .debug_macro   0x0001ba50      0x170 CMakeFiles/firmware_v1.0.0.dir/Core/Src/main.c.obj
 .debug_macro   0x0001bbc0      0x1c8 CMakeFiles/firmware_v1.0.0.dir/Core/Src/stm32f3xx_it.c.obj
 .debug_macro   0x0001bd88      0x1be CMakeFiles/firmware_v1.0.0.dir/Core/Src/stm32f3xx_hal_msp.c.obj
 .debug_macro   0x0001bf46      0x1d3 CMakeFiles/firmware_v1.0.0.dir/Drivers/STM32F3xx_HAL_Driver/Src/stm32f3xx_hal.c.obj
 .debug_macro   0x0001c119      0x1d3 CMakeFiles/firmware_v1.0.0.dir/Drivers/STM32F3xx_HAL_Driver/Src/stm32f3xx_hal_rcc.c.obj
 .debug_macro   0x0001c2ec      0x1b6 CMakeFiles/firmware_v1.0.0.dir/Drivers/STM32F3xx_HAL_Driver/Src/stm32f3xx_hal_gpio.c.obj
 .debug_macro   0x0001c4a2      0x1af CMakeFiles/firmware_v1.0.0.dir/Drivers/STM32F3xx_HAL_Driver/Src/stm32f3xx_hal_cortex.c.obj
 .debug_macro   0x0001c651      0x27b CMakeFiles/firmware_v1.0.0.dir/Drivers/STM32F3xx_HAL_Driver/Src/stm32f3xx_hal_i2c.c.obj
 .debug_macro   0x0001c8cc      0x1af CMakeFiles/firmware_v1.0.0.dir/Core/Src/system_stm32f3xx.c.obj
 .debug_macro   0x0001ca7b       0xff CMakeFiles/firmware_v1.0.0.dir/Core/Src/sysmem.c.obj
 .debug_macro   0x0001cb7a       0x10 CMakeFiles/firmware_v1.0.0.dir/Core/Src/sysmem.c.obj
 .debug_macro   0x0001cb8a       0x75 CMakeFiles/firmware_v1.0.0.dir/Core/Src/sysmem.c.obj
 .debug_macro   0x0001cbff       0x94 CMakeFiles/firmware_v1.0.0.dir/Core/Src/sysmem.c.obj
 .debug_macro   0x0001cc93       0x57 CMakeFiles/firmware_v1.0.0.dir/Core/Src/sysmem.c.obj
 .debug_macro   0x0001ccea      0x23c CMakeFiles/firmware_v1.0.0.dir/Core/Src/sysmem.c.obj

.debug_line     0x00000000     0x8c4c
 .debug_line    0x00000000      0xb11 CMakeFiles/firmware_v1.0.0.dir/Core/Src/main.c.obj
 .debug_line    0x00000b11      0x709 CMakeFiles/firmware_v1.0.0.dir/Core/Src/stm32f3xx_it.c.obj
 .debug_line    0x0000121a      0x65b CMakeFiles/firmware_v1.0.0.dir/Core/Src/stm32f3xx_hal_msp.c.obj
 .debug_line    0x00001875      0x910 CMakeFiles/firmware_v1.0.0.dir/Drivers/STM32F3xx_HAL_Driver/Src/stm32f3xx_hal.c.obj
 .debug_line    0x00002185     0x146f CMakeFiles/firmware_v1.0.0.dir/Drivers/STM32F3xx_HAL_Driver/Src/stm32f3xx_hal_rcc.c.obj
 .debug_line    0x000035f4      0xa5b CMakeFiles/firmware_v1.0.0.dir/Drivers/STM32F3xx_HAL_Driver/Src/stm32f3xx_hal_gpio.c.obj
 .debug_line    0x0000404f      0xbdb CMakeFiles/firmware_v1.0.0.dir/Drivers/STM32F3xx_HAL_Driver/Src/stm32f3xx_hal_cortex.c.obj
 .debug_line    0x00004c2a     0x3661 CMakeFiles/firmware_v1.0.0.dir/Drivers/STM32F3xx_HAL_Driver/Src/stm32f3xx_hal_i2c.c.obj
 .debug_line    0x0000828b      0x6d4 CMakeFiles/firmware_v1.0.0.dir/Core/Src/system_stm32f3xx.c.obj
 .debug_line    0x0000895f      0x273 CMakeFiles/firmware_v1.0.0.dir/Core/Src/sysmem.c.obj
 .debug_line    0x00008bd2       0x7a CMakeFiles/firmware_v1.0.0.dir/startup_stm32f303xc.s.obj

.debug_str      0x00000000    0xadc4b
 .debug_str     0x00000000    0xadc4b CMakeFiles/firmware_v1.0.0.dir/Core/Src/main.c.obj
                              0xabd87 (size before relaxing)
 .debug_str     0x000adc4b    0xa3e9e CMakeFiles/firmware_v1.0.0.dir/Core/Src/stm32f3xx_it.c.obj
 .debug_str     0x000adc4b    0xa3e6f CMakeFiles/firmware_v1.0.0.dir/Core/Src/stm32f3xx_hal_msp.c.obj
 .debug_str     0x000adc4b    0xa4092 CMakeFiles/firmware_v1.0.0.dir/Drivers/STM32F3xx_HAL_Driver/Src/stm32f3xx_hal.c.obj
 .debug_str     0x000adc4b    0xa3cf4 CMakeFiles/firmware_v1.0.0.dir/Drivers/STM32F3xx_HAL_Driver/Src/stm32f3xx_hal_rcc.c.obj
 .debug_str     0x000adc4b    0xa39c1 CMakeFiles/firmware_v1.0.0.dir/Drivers/STM32F3xx_HAL_Driver/Src/stm32f3xx_hal_gpio.c.obj
 .debug_str     0x000adc4b    0xa4116 CMakeFiles/firmware_v1.0.0.dir/Drivers/STM32F3xx_HAL_Driver/Src/stm32f3xx_hal_cortex.c.obj
 .debug_str     0x000adc4b    0xa4b54 CMakeFiles/firmware_v1.0.0.dir/Drivers/STM32F3xx_HAL_Driver/Src/stm32f3xx_hal_i2c.c.obj
 .debug_str     0x000adc4b    0xa3854 CMakeFiles/firmware_v1.0.0.dir/Core/Src/system_stm32f3xx.c.obj
 .debug_str     0x000adc4b     0x717b CMakeFiles/firmware_v1.0.0.dir/Core/Src/sysmem.c.obj
 .debug_str     0x000adc4b       0xb8 CMakeFiles/firmware_v1.0.0.dir/startup_stm32f303xc.s.obj

.comment        0x00000000       0x44
 .comment       0x00000000       0x44 CMakeFiles/firmware_v1.0.0.dir/Core/Src/main.c.obj
                                 0x45 (size before relaxing)
 .comment       0x00000044       0x45 CMakeFiles/firmware_v1.0.0.dir/Core/Src/stm32f3xx_it.c.obj
 .comment       0x00000044       0x45 CMakeFiles/firmware_v1.0.0.dir/Core/Src/stm32f3xx_hal_msp.c.obj
 .comment       0x00000044       0x45 CMakeFiles/firmware_v1.0.0.dir/Drivers/STM32F3xx_HAL_Driver/Src/stm32f3xx_hal.c.obj
 .comment       0x00000044       0x45 CMakeFiles/firmware_v1.0.0.dir/Drivers/STM32F3xx_HAL_Driver/Src/stm32f3xx_hal_rcc.c.obj
 .comment       0x00000044       0x45 CMakeFiles/firmware_v1.0.0.dir/Drivers/STM32F3xx_HAL_Driver/Src/stm32f3xx_hal_gpio.c.obj
 .comment       0x00000044       0x45 CMakeFiles/firmware_v1.0.0.dir/Drivers/STM32F3xx_HAL_Driver/Src/stm32f3xx_hal_cortex.c.obj
 .comment       0x00000044       0x45 CMakeFiles/firmware_v1.0.0.dir/Drivers/STM32F3xx_HAL_Driver/Src/stm32f3xx_hal_i2c.c.obj
 .comment       0x00000044       0x45 CMakeFiles/firmware_v1.0.0.dir/Core/Src/system_stm32f3xx.c.obj
 .comment       0x00000044       0x45 CMakeFiles/firmware_v1.0.0.dir/Core/Src/sysmem.c.obj

.debug_line_str
                0x00000000      0x250
 .debug_line_str
                0x00000000      0x250 CMakeFiles/firmware_v1.0.0.dir/startup_stm32f303xc.s.obj
                                 0x9c (size before relaxing)
 .debug_line_str
                0x00000250       0xc7 /opt/gcc-arm-none-eabi/bin/../lib/gcc/arm-none-eabi/13.2.1/thumb/v7e-m+fp/hard/libgcc.a(_arm_addsubdf3.o)
 .debug_line_str
                0x00000250       0xc7 /opt/gcc-arm-none-eabi/bin/../lib/gcc/arm-none-eabi/13.2.1/thumb/v7e-m+fp/hard/libgcc.a(_arm_muldivdf3.o)
 .debug_line_str
                0x00000250       0xc7 /opt/gcc-arm-none-eabi/bin/../lib/gcc/arm-none-eabi/13.2.1/thumb/v7e-m+fp/hard/libgcc.a(_arm_truncdfsf2.o)
 .debug_line_str
                0x00000250       0xe4 /opt/gcc-arm-none-eabi/bin/../lib/gcc/arm-none-eabi/13.2.1/../../../../arm-none-eabi/lib/thumb/v7e-m+fp/hard/libg_nano.a(libc_a-strlen.o)
 .debug_line_str
                0x00000250       0xda /opt/gcc-arm-none-eabi/bin/../lib/gcc/arm-none-eabi/13.2.1/../../../../arm-none-eabi/lib/thumb/v7e-m+fp/hard/libg_nano.a(libc_a-memchr.o)
